{"ts":"2026-08-03T21:23:11.278Z","rejected":false,"sql":"SELECT COUNT(*) as total FROM deals","rowCount":1}
{"ts":"2026-08-03T21:23:30.381Z","rejected":true,"reason":"only SELECT statements are allowed","sql":"DELETE FROM deals"}
{"ts":"2026-08-04T02:45:12.694Z","rejected":true,"reason":"only SELECT statements are allowed","sql":"SHOW TABLES"}
{"ts":"2026-08-04T02:45:19.136Z","rejected":false,"sql":"SELECT table_name FROM information_schema.tables WHERE table_schema = 'public' ORDER BY table_name","rowCount":0}
{"ts":"2026-08-04T02:45:23.500Z","rejected":false,"sql":"SELECT table_schema, table_name FROM information_schema.tables WHERE table_schema NOT IN ('pg_catalog','information_schema') ORDER BY table_schema, table_name","rowCount":57}
{"ts":"2026-08-04T02:45:31.512Z","rejected":false,"sql":"SELECT table_name, column_name, data_type, is_nullable, column_key FROM information_schema.columns WHERE table_schema='vivera_crm' AND table_name IN ('deals','patients','whatsapp_conversations','whatsapp_messages','chatbot_ai_config','stages','pipelines','handoff_alerts','ai_chatbot_allowlist','whatsapp_connections') ORDER BY table_name, ordinal_position","rowCount":151}
{"ts":"2026-08-04T02:45:48.588Z","rejected":false,"sql":"SELECT config_key, CHAR_LENGTH(config_value) AS tamanho, LEFT(config_value, 100) AS inicio, updated_at FROM vivera_crm.chatbot_ai_config ORDER BY config_key","rowCount":67}
{"ts":"2026-08-04T02:52:14.547Z","rejected":false,"sql":"SELECT column_name, column_type FROM information_schema.columns WHERE table_schema='vivera_crm' AND table_name='whatsapp_messages' AND column_name IN ('direction','sent_by')","rowCount":2}
{"ts":"2026-08-04T02:52:20.717Z","rejected":false,"sql":"SELECT LEFT(content, 150) AS mensagem, COUNT(*) AS vezes FROM vivera_crm.whatsapp_messages WHERE sent_by='ai' AND content IS NOT NULL GROUP BY content HAVING COUNT(*) >= 3 ORDER BY vezes DESC LIMIT 15","rowCount":5}
{"ts":"2026-08-04T02:52:31.345Z","rejected":false,"sql":"SELECT conversation_id, COUNT(*) AS msgs, SUM(sent_by='ai') AS ia, SUM(sent_by='lead') AS lead, MAX(created_at) AS ultima FROM vivera_crm.whatsapp_messages GROUP BY conversation_id ORDER BY msgs DESC LIMIT 8","rowCount":8}
{"ts":"2026-08-04T02:52:43.811Z","rejected":false,"sql":"SELECT sent_by, message_type, LEFT(content, 220) AS texto, created_at FROM vivera_crm.whatsapp_messages WHERE conversation_id=203 ORDER BY created_at ASC LIMIT 60","rowCount":60}
{"ts":"2026-08-04T02:54:41.197Z","rejected":false,"sql":"SELECT status, COUNT(*) AS deals, ROUND(SUM(value),0) AS valor_total FROM vivera_crm.deals GROUP BY status","rowCount":3}
{"ts":"2026-08-04T02:54:46.645Z","rejected":false,"sql":"SELECT COUNT(*) AS novos_30d, SUM(qualificado_at IS NOT NULL) AS qualificados, SUM(data_agendamento IS NOT NULL) AS agendados, SUM(won_date IS NOT NULL) AS ganhos, SUM(lost_date IS NOT NULL) AS perdidos, SUM(first_contact_time IS NULL) AS sem_primeiro_contato FROM vivera_crm.deals WHERE add_date >= DATE_SUB(NOW(), INTERVAL 30 DAY)","rowCount":1}
{"ts":"2026-08-04T02:55:37.612Z","rejected":false,"sql":"SELECT COUNT(*) AS total, SUM(data_agendamento IS NOT NULL) AS c_agendamento, SUM(data_reuniao IS NOT NULL) AS c_reuniao, SUM(qualificado IS NOT NULL) AS c_qualificado, SUM(numero_noshows>0) AS c_noshow, SUM(won_date IS NOT NULL) AS c_won, SUM(lost_date IS NOT NULL) AS c_lost FROM vivera_crm.deals","rowCount":1}
{"ts":"2026-08-04T02:55:45.922Z","rejected":false,"sql":"SELECT column_name, data_type FROM information_schema.columns WHERE table_schema='vivera_crm' AND table_name='stage_history' ORDER BY ordinal_position","rowCount":6}
{"ts":"2026-08-04T02:55:50.449Z","rejected":false,"sql":"SELECT s.label, p.name AS pipeline, COUNT(*) AS entradas FROM vivera_crm.stage_history sh JOIN vivera_crm.stages s ON s.id = sh.to_stage_id JOIN vivera_crm.pipelines p ON p.id = s.pipeline_id GROUP BY s.label, p.name ORDER BY entradas DESC LIMIT 15","rowCount":15}
{"ts":"2026-08-04T02:56:44.908Z","rejected":true,"reason":"only SELECT statements are allowed","sql":"SHOW TABLES"}
{"ts":"2026-08-04T02:56:50.061Z","rejected":false,"sql":"SELECT DATE(created_at) as data, COUNT(*) as total_leads FROM deals WHERE DATE(created_at) = CURRENT_DATE GROUP BY DATE(created_at)","rowCount":1}
{"ts":"2026-08-04T02:56:54.119Z","rejected":false,"sql":"SELECT status, COUNT(*) as quantidade FROM deals WHERE DATE(created_at) = CURRENT_DATE GROUP BY status","rowCount":1}
{"ts":"2026-08-04T02:57:02.438Z","rejected":false,"sql":"SELECT * FROM deals WHERE DATE(created_at) = CURRENT_DATE LIMIT 10","rowCount":1}
{"ts":"2026-08-04T02:57:05.962Z","rejected":false,"sql":"SELECT stage_id, COUNT(*) as quantidade FROM deals WHERE DATE(created_at) = CURRENT_DATE GROUP BY stage_id","rowCount":1}
{"ts":"2026-08-04T02:57:09.748Z","rejected":false,"sql":"SELECT COUNT(*) as total_atividades, type FROM activities WHERE DATE(created_at) = CURRENT_DATE GROUP BY type LIMIT 20","rowCount":1}
{"ts":"2026-08-04T02:57:13.033Z","rejected":false,"sql":"SELECT COUNT(*) as agendamentos_hoje FROM deals WHERE DATE(data_reuniao) = CURRENT_DATE AND data_reuniao IS NOT NULL","rowCount":1}
{"ts":"2026-08-04T02:57:19.002Z","rejected":false,"sql":"SELECT COUNT(*) as comparecimentos_confirmados FROM deals WHERE DATE(updated_at) = CURRENT_DATE AND status = 'won'","rowCount":1}
{"ts":"2026-08-04T02:57:22.221Z","rejected":false,"sql":"SELECT status, COUNT(*) as quantidade FROM deals WHERE DATE(updated_at) = CURRENT_DATE GROUP BY status","rowCount":1}
{"ts":"2026-08-04T02:57:25.686Z","rejected":false,"sql":"SELECT origem, COUNT(*) as total FROM deals WHERE DATE(created_at) = CURRENT_DATE GROUP BY origem","rowCount":1}
{"ts":"2026-08-04T02:57:31.532Z","rejected":false,"sql":"SELECT owner_name, COUNT(*) as leads_criados, SUM(CASE WHEN first_contact_time IS NOT NULL THEN 1 ELSE 0 END) as contatos_realizados FROM deals WHERE DATE(created_at) = CURRENT_DATE GROUP BY owner_name","rowCount":1}
{"ts":"2026-08-04T02:57:35.231Z","rejected":false,"sql":"SELECT stage_id, stage_tag, COUNT(*) as quantidade FROM deals GROUP BY stage_id, stage_tag ORDER BY stage_id LIMIT 20","rowCount":20}
{"ts":"2026-08-04T02:57:38.922Z","rejected":false,"sql":"SELECT plataforma, COUNT(*) as leads_criados FROM deals WHERE DATE(created_at) = CURRENT_DATE GROUP BY plataforma","rowCount":1}
{"ts":"2026-08-04T02:57:42.906Z","rejected":false,"sql":"SELECT COUNT(*) as leads_com_primeiro_contato FROM deals WHERE DATE(first_contact_time) = CURRENT_DATE AND first_contact_time IS NOT NULL","rowCount":1}
{"ts":"2026-08-04T02:57:49.958Z","rejected":false,"sql":"SELECT COUNT(*) as vendas_ganhas FROM deals WHERE DATE(won_date) = CURRENT_DATE AND won_date IS NOT NULL","rowCount":1}
{"ts":"2026-08-04T02:57:53.476Z","rejected":false,"sql":"SELECT COUNT(*) as leads_perdidos FROM deals WHERE DATE(lost_date) = CURRENT_DATE AND lost_date IS NOT NULL","rowCount":1}
{"ts":"2026-08-04T02:57:57.058Z","rejected":false,"sql":"SELECT stage_id, COUNT(*) as quantidade FROM deals WHERE DATE(stage_entered_at) = CURRENT_DATE GROUP BY stage_id","rowCount":1}
{"ts":"2026-08-04T02:58:01.125Z","rejected":false,"sql":"SELECT type, COUNT(*) as quantidade FROM activities WHERE DATE(created_at) = CURRENT_DATE GROUP BY type","rowCount":1}
{"ts":"2026-08-04T02:58:05.081Z","rejected":false,"sql":"SELECT SUM(numero_tentativas) as total_tentativas, SUM(numero_noshows) as total_noshows FROM deals WHERE DATE(updated_at) = CURRENT_DATE","rowCount":1}
{"ts":"2026-08-04T02:58:13.649Z","rejected":false,"sql":"SELECT COUNT(*) as agendamentos_proximos_48h FROM deals WHERE data_reuniao > NOW() AND data_reuniao < DATE_ADD(NOW(), INTERVAL 2 DAY)","rowCount":1}
{"ts":"2026-08-04T03:04:20.850Z","rejected":false,"sql":"SELECT COUNT(*) as total_leads_mes FROM deals WHERE MONTH(created_at) = MONTH(CURRENT_DATE) AND YEAR(created_at) = YEAR(CURRENT_DATE)","rowCount":1}
{"ts":"2026-08-04T03:04:25.044Z","rejected":false,"sql":"SELECT COUNT(*) as com_contato, SUM(CASE WHEN first_contact_time IS NULL THEN 1 ELSE 0 END) as sem_contato FROM deals WHERE MONTH(created_at) = MONTH(CURRENT_DATE) AND YEAR(created_at) = YEAR(CURRENT_DATE)","rowCount":1}
{"ts":"2026-08-04T03:04:29.141Z","rejected":false,"sql":"SELECT COUNT(*) as agendamentos_mes FROM deals WHERE MONTH(data_reuniao) = MONTH(CURRENT_DATE) AND YEAR(data_reuniao) = YEAR(CURRENT_DATE) AND data_reuniao IS NOT NULL","rowCount":1}
{"ts":"2026-08-04T03:04:32.629Z","rejected":false,"sql":"SELECT status, COUNT(*) as quantidade FROM deals WHERE MONTH(created_at) = MONTH(CURRENT_DATE) AND YEAR(created_at) = YEAR(CURRENT_DATE) GROUP BY status","rowCount":2}
{"ts":"2026-08-04T03:04:36.955Z","rejected":false,"sql":"SELECT COUNT(*) as perdidos_mes, loss_reason FROM deals WHERE MONTH(created_at) = MONTH(CURRENT_DATE) AND YEAR(created_at) = YEAR(CURRENT_DATE) AND lost_date IS NOT NULL GROUP BY loss_reason","rowCount":0}
{"ts":"2026-08-04T03:04:41.396Z","rejected":false,"sql":"SELECT origem, COUNT(*) as total_leads, SUM(CASE WHEN status = 'won' THEN 1 ELSE 0 END) as ganhos, ROUND(SUM(CASE WHEN status = 'won' THEN 1 ELSE 0 END) * 100 / COUNT(*), 1) as taxa_conversao FROM deals WHERE MONTH(created_at) = MONTH(CURRENT_DATE) AND YEAR(created_at) = YEAR(CURRENT_DATE) GROUP BY origem ORDER BY total_leads DESC","rowCount":9}
{"ts":"2026-08-04T03:04:46.183Z","rejected":false,"sql":"SELECT owner_name, COUNT(*) as leads_criados, SUM(CASE WHEN status = 'won' THEN 1 ELSE 0 END) as ganhos, SUM(CASE WHEN first_contact_time IS NOT NULL THEN 1 ELSE 0 END) as com_contato, ROUND(SUM(CASE WHEN status = 'won' THEN 1 ELSE 0 END) * 100 / COUNT(*), 1) as taxa_conv FROM deals WHERE MONTH(created_at) = MONTH(CURRENT_DATE) AND YEAR(created_at) = YEAR(CURRENT_DATE) GROUP BY owner_name ORDER BY leads_criados DESC","rowCount":5}
{"ts":"2026-08-04T03:04:50.495Z","rejected":false,"sql":"SELECT plataforma, COUNT(*) as leads FROM deals WHERE MONTH(created_at) = MONTH(CURRENT_DATE) AND YEAR(created_at) = YEAR(CURRENT_DATE) GROUP BY plataforma ORDER BY leads DESC","rowCount":10}
{"ts":"2026-08-04T03:04:54.805Z","rejected":false,"sql":"SELECT COUNT(*) as leads_agendados, SUM(numero_noshows) as total_noshows, COUNT(CASE WHEN numero_noshows > 0 THEN 1 END) as leads_com_noshows FROM deals WHERE MONTH(created_at) = MONTH(CURRENT_DATE) AND YEAR(created_at) = YEAR(CURRENT_DATE) AND data_reuniao IS NOT NULL","rowCount":1}
{"ts":"2026-08-04T03:04:58.474Z","rejected":false,"sql":"SELECT COUNT(*) as leads_com_tentativas, AVG(numero_tentativas) as media_tentativas, SUM(numero_tentativas) as total_tentativas, MAX(numero_tentativas) as max_tentativas FROM deals WHERE MONTH(created_at) = MONTH(CURRENT_DATE) AND YEAR(created_at) = YEAR(CURRENT_DATE) AND numero_tentativas > 0","rowCount":1}
{"ts":"2026-08-04T03:05:02.238Z","rejected":false,"sql":"SELECT SUM(value) as valor_total, AVG(value) as valor_medio FROM deals WHERE MONTH(created_at) = MONTH(CURRENT_DATE) AND YEAR(created_at) = YEAR(CURRENT_DATE) AND value > 0","rowCount":1}
{"ts":"2026-08-04T03:05:06.034Z","rejected":false,"sql":"SELECT stage_id, COUNT(*) as quantidade, GROUP_CONCAT(DISTINCT stage_tag) as tags FROM deals WHERE MONTH(created_at) = MONTH(CURRENT_DATE) AND YEAR(created_at) = YEAR(CURRENT_DATE) GROUP BY stage_id ORDER BY stage_id","rowCount":11}
{"ts":"2026-08-04T03:05:09.586Z","rejected":false,"sql":"SELECT type, COUNT(*) as quantidade FROM activities WHERE MONTH(created_at) = MONTH(CURRENT_DATE) AND YEAR(created_at) = YEAR(CURRENT_DATE) GROUP BY type ORDER BY quantidade DESC","rowCount":29}
{"ts":"2026-08-04T03:06:53.170Z","rejected":false,"sql":"SELECT COUNT(*) as mensagens_whatsapp FROM whatsapp_messages WHERE MONTH(created_at) = MONTH(CURRENT_DATE) AND YEAR(created_at) = YEAR(CURRENT_DATE)","rowCount":1}
{"ts":"2026-08-04T03:06:57.583Z","rejected":false,"sql":"SELECT COUNT(DISTINCT conversation_id) as conversas_unicas FROM whatsapp_messages WHERE MONTH(created_at) = MONTH(CURRENT_DATE) AND YEAR(created_at) = YEAR(CURRENT_DATE)","rowCount":1}
{"ts":"2026-08-04T03:07:08.499Z","rejected":false,"sql":"SELECT * FROM whatsapp_messages LIMIT 1","rowCount":1}
{"ts":"2026-08-04T03:07:12.305Z","rejected":false,"sql":"SELECT direction, sent_by, COUNT(*) as total FROM whatsapp_messages WHERE MONTH(created_at) = MONTH(CURRENT_DATE) AND YEAR(created_at) = YEAR(CURRENT_DATE) GROUP BY direction, sent_by","rowCount":3}
{"ts":"2026-08-04T03:07:18.398Z","rejected":false,"sql":"SELECT wc.patient_id, d.title, COUNT(DISTINCT wm.id) as mensagens, MAX(wm.created_at) as ultima_msg FROM whatsapp_conversations wc INNER JOIN whatsapp_messages wm ON wc.id = wm.conversation_id INNER JOIN deals d ON d.patient_id = wc.patient_id WHERE MONTH(d.created_at) = MONTH(CURRENT_DATE) AND YEAR(d.created_at) = YEAR(CURRENT_DATE) GROUP BY wc.patient_id, d.title ORDER BY mensagens DESC LIMIT 30","rowCount":30}
{"ts":"2026-08-04T03:07:23.894Z","rejected":false,"sql":"SELECT COUNT(DISTINCT wc.patient_id) as leads_com_contato_whatsapp, COUNT(DISTINCT wm.id) as total_mensagens FROM whatsapp_conversations wc INNER JOIN whatsapp_messages wm ON wc.id = wm.conversation_id INNER JOIN deals d ON d.patient_id = wc.patient_id WHERE MONTH(d.created_at) = MONTH(CURRENT_DATE) AND YEAR(d.created_at) = YEAR(CURRENT_DATE)","rowCount":1}
{"ts":"2026-08-04T03:07:28.464Z","rejected":false,"sql":"SELECT type, COUNT(*) as quantidade FROM activities a INNER JOIN deals d ON d.id = a.deal_id WHERE MONTH(d.created_at) = MONTH(CURRENT_DATE) AND YEAR(d.created_at) = YEAR(CURRENT_DATE) AND type LIKE '%Chamada%' OR type LIKE '%Contato%' OR type LIKE '%Ligacao%' GROUP BY type","rowCount":24}
{"ts":"2026-08-04T03:07:33.660Z","rejected":false,"sql":"SELECT d.title, d.origem, COUNT(a.id) as total_atividades, GROUP_CONCAT(DISTINCT a.type SEPARATOR ', ') as tipos FROM activities a INNER JOIN deals d ON d.id = a.deal_id WHERE MONTH(d.created_at) = MONTH(CURRENT_DATE) AND YEAR(d.created_at) = YEAR(CURRENT_DATE) AND (a.type LIKE '%Ligacao%' OR a.type LIKE '%Contato%' OR a.type LIKE '%Msg%') GROUP BY d.title, d.origem ORDER BY total_atividades DESC LIMIT 40","rowCount":40}
{"ts":"2026-08-04T03:07:38.772Z","rejected":false,"sql":"SELECT COUNT(DISTINCT d.id) as leads_com_contato_registrado FROM deals d INNER JOIN activities a ON d.id = a.deal_id WHERE MONTH(d.created_at) = MONTH(CURRENT_DATE) AND YEAR(d.created_at) = YEAR(CURRENT_DATE) AND (a.type LIKE '%Ligacao%' OR a.type LIKE '%Contato%' OR a.type LIKE '%Msg Realizado%')","rowCount":1}
{"ts":"2026-08-04T03:07:45.656Z","rejected":false,"sql":"SELECT COUNT(*) as total_leads, COUNT(CASE WHEN d.id IN (SELECT DISTINCT d2.id FROM deals d2 INNER JOIN activities a ON d2.id = a.deal_id WHERE MONTH(d2.created_at) = MONTH(CURRENT_DATE) AND YEAR(d2.created_at) = YEAR(CURRENT_DATE) AND (a.type LIKE '%Ligacao%' OR a.type LIKE '%Contato%' OR a.type LIKE '%Msg Realizado%')) THEN 1 END) as com_contato, COUNT(CASE WHEN d.id NOT IN (SELECT DISTINCT d2.id FROM deals d2 INNER JOIN activities a ON d2.id = a.deal_id WHERE MONTH(d2.created_at) = MONTH(CURRENT_DATE) AND YEAR(d2.created_at) = YEAR(CURRENT_DATE) AND (a.type LIKE '%Ligacao%' OR a.type LIKE '%Contato%' OR a.type LIKE '%Msg Realizado%')) THEN 1 END) as sem_contato FROM deals d WHERE MONTH(d.created_at) = MONTH(CURRENT_DATE) AND YEAR(d.created_at) = YEAR(CURRENT_DATE)","rowCount":1}
{"ts":"2026-08-04T03:07:50.962Z","rejected":false,"sql":"SELECT d.id, d.title, d.origem, d.owner_name, d.created_at FROM deals d WHERE MONTH(d.created_at) = MONTH(CURRENT_DATE) AND YEAR(d.created_at) = YEAR(CURRENT_DATE) AND d.id NOT IN (SELECT DISTINCT d2.id FROM deals d2 INNER JOIN activities a ON d2.id = a.deal_id WHERE MONTH(d2.created_at) = MONTH(CURRENT_DATE) AND YEAR(d2.created_at) = YEAR(CURRENT_DATE) AND (a.type LIKE '%Ligacao%' OR a.type LIKE '%Contato%' OR a.type LIKE '%Msg Realizado%')) ORDER BY d.created_at DESC","rowCount":9}
{"ts":"2026-08-04T12:15:03.825Z","rejected":true,"reason":"only SELECT statements are allowed","sql":"SHOW TABLES"}
{"ts":"2026-08-04T12:24:05.978Z","rejected":true,"reason":"only SELECT statements are allowed","sql":"SHOW TABLES"}
{"ts":"2026-08-04T12:24:13.627Z","rejected":false,"sql":"SELECT table_name FROM information_schema.tables WHERE table_schema = 'vivera_crm'","rowCount":56}
{"ts":"2026-08-04T12:24:21.227Z","rejected":false,"sql":"SELECT column_name, data_type, column_type, is_nullable, column_default FROM information_schema.columns WHERE table_schema = 'vivera_crm' AND table_name = 'stages' ORDER BY ordinal_position","rowCount":9}
{"ts":"2026-08-04T12:24:22.745Z","rejected":false,"sql":"SELECT column_name, data_type, column_type, is_nullable, column_default FROM information_schema.columns WHERE table_schema = 'vivera_crm' AND table_name = 'pipelines' ORDER BY ordinal_position","rowCount":6}
{"ts":"2026-08-04T12:24:27.901Z","rejected":false,"sql":"SELECT * FROM pipelines ORDER BY sort","rowCount":7}
{"ts":"2026-08-04T12:24:34.404Z","rejected":false,"sql":"SELECT * FROM stages WHERE pipeline_id = 2 ORDER BY sort","rowCount":5}
{"ts":"2026-08-04T12:24:35.634Z","rejected":false,"sql":"SELECT * FROM stages ORDER BY pipeline_id, sort","rowCount":36}
{"ts":"2026-08-04T12:24:48.480Z","rejected":false,"sql":"SELECT index_name, column_name, non_unique, seq_in_index FROM information_schema.statistics WHERE table_schema='vivera_crm' AND table_name='stages' ORDER BY index_name, seq_in_index","rowCount":3}
{"ts":"2026-08-04T12:24:49.891Z","rejected":false,"sql":"SELECT column_name, referenced_table_name, referenced_column_name FROM information_schema.key_column_usage WHERE referenced_table_name='stages' AND table_schema='vivera_crm'","rowCount":2}
{"ts":"2026-08-04T12:24:57.214Z","rejected":false,"sql":"SELECT extra FROM information_schema.columns WHERE table_schema='vivera_crm' AND table_name='stages' AND column_name='id'","rowCount":1}
{"ts":"2026-08-04T12:24:58.767Z","rejected":false,"sql":"SELECT table_name, column_name FROM information_schema.key_column_usage WHERE referenced_table_name='stages' AND table_schema='vivera_crm'","rowCount":2}
{"ts":"2026-08-04T12:25:05.106Z","rejected":false,"sql":"SELECT * FROM stages ORDER BY pipeline_id, sort","rowCount":36}
{"ts":"2026-08-04T16:00:29.083Z","rejected":false,"sql":"SELECT id, pipeline_id, skey, label, sort, active FROM stages WHERE pipeline_id = 2 ORDER BY sort","rowCount":6}
{"ts":"2026-08-04T16:00:35.092Z","rejected":false,"sql":"SELECT id, pipeline_id, skey, label, sort, active FROM stages WHERE pipeline_id != 2 ORDER BY pipeline_id, sort","rowCount":31}
{"ts":"2026-08-04T23:47:11.673Z","rejected":true,"reason":"only SELECT statements are allowed","sql":"SHOW TABLES"}
{"ts":"2026-08-04T23:47:15.119Z","rejected":true,"reason":"only SELECT statements are allowed","sql":"SHOW TABLES"}
{"ts":"2026-08-04T23:47:19.705Z","rejected":false,"sql":"SELECT table_name FROM information_schema.tables WHERE table_schema = 'vivera_crm'","rowCount":56}
{"ts":"2026-08-04T23:47:31.576Z","rejected":false,"sql":"SELECT column_name, data_type FROM information_schema.columns WHERE table_schema='vivera_crm' AND table_name='patients' ORDER BY ordinal_position","rowCount":16}
{"ts":"2026-08-04T23:47:32.814Z","rejected":false,"sql":"SELECT column_name, data_type FROM information_schema.columns WHERE table_schema='vivera_crm' AND table_name='deals' ORDER BY ordinal_position","rowCount":62}
{"ts":"2026-08-04T23:47:38.284Z","rejected":false,"sql":"SELECT id, name, phone, email, cpf, created_at, updated_at, pipedrive_person_id FROM patients WHERE name LIKE '%Diego Aguiar%' OR name LIKE '%Dr%Diego%Aguiar%' ORDER BY id","rowCount":16}
{"ts":"2026-08-04T23:47:43.268Z","rejected":false,"sql":"SELECT id, patient_id, pipeline_id, stage_id, title, value, status, add_date, created_at FROM deals WHERE patient_id IN (2519,2531,2532,2533,2534,2535,2536,2537,2538,2539,2540,2541,2542,2543,2703,2953) ORDER BY patient_id, id","rowCount":2}
{"ts":"2026-08-04T23:47:49.894Z","rejected":false,"sql":"SELECT table_name, column_name FROM information_schema.columns WHERE table_schema='vivera_crm' AND column_name IN ('patient_id','deal_id','referred_by_patient_id') ORDER BY table_name","rowCount":25}
{"ts":"2026-08-04T23:47:56.752Z","rejected":false,"sql":"SELECT kcu.table_name, kcu.column_name, kcu.referenced_table_name, kcu.referenced_column_name, rc.delete_rule\nFROM information_schema.key_column_usage kcu\nJOIN information_schema.referential_constraints rc\n  ON kcu.constraint_name = rc.constraint_name AND kcu.table_schema = rc.constraint_schema\nWHERE kcu.table_schema='vivera_crm' AND kcu.referenced_table_name IN ('patients','deals')\nORDER BY kcu.table_name","rowCount":0}
{"ts":"2026-08-04T23:48:13.210Z","rejected":false,"sql":"SELECT 'activities' t, id, patient_id, deal_id FROM activities WHERE patient_id IN (2519,2531,2532,2533,2534,2535,2536,2537,2538,2539,2540,2541,2542,2543,2703,2953) OR deal_id IN (2821,2934)\nUNION ALL\nSELECT 'cadencia_incident_failed_attempts', id, patient_id, deal_id FROM cadencia_incident_failed_attempts WHERE patient_id IN (2519,2531,2532,2533,2534,2535,2536,2537,2538,2539,2540,2541,2542,2543,2703,2953) OR deal_id IN (2821,2934)\nUNION ALL\nSELECT 'calendar_events', id, NULL, deal_id FROM calendar_events WHERE deal_id IN (2821,2934)\nUNION ALL\nSELECT 'cashback_ledger', id, patient_id, NULL FROM cashback_ledger WHERE patient_id IN (2519,2531,2532,2533,2534,2535,2536,2537,2538,2539,2540,2541,2542,2543,2703,2953)\nUNION ALL\nSELECT 'chatbot_cadence_enrollment', id, NULL, deal_id FROM chatbot_cadence_enrollment WHERE deal_id IN (2821,2934)\nUNION ALL\nSELECT 'chatbot_monthly_flow_enrollment', id, NULL, deal_id FROM chatbot_monthly_flow_enrollment WHERE deal_id IN (2821,2934)","rowCount":262}
{"ts":"2026-08-04T23:48:32.932Z","rejected":false,"sql":"SELECT table_name, column_name FROM information_schema.columns WHERE table_schema='vivera_crm' AND table_name IN ('deal_history','deal_labels','handoff_alerts','lead_exclusion_manual','ownership_history','owner_notifications','patient_labels','referrals','stage_history','tintim_webhook_log','whatsapp_conversations') AND column_name IN ('id','deal_id','patient_id','referred_by_patient_id') ORDER BY table_name, ordinal_position","rowCount":21}
{"ts":"2026-08-04T23:48:37.384Z","rejected":false,"sql":"SELECT column_name FROM information_schema.columns WHERE table_schema='vivera_crm' AND table_name='deal_labels' ORDER BY ordinal_position","rowCount":2}
{"ts":"2026-08-04T23:48:38.596Z","rejected":false,"sql":"SELECT column_name FROM information_schema.columns WHERE table_schema='vivera_crm' AND table_name='patient_labels' ORDER BY ordinal_position","rowCount":2}
{"ts":"2026-08-04T23:48:40.223Z","rejected":false,"sql":"SELECT column_name FROM information_schema.columns WHERE table_schema='vivera_crm' AND table_name='lead_exclusion_manual' ORDER BY ordinal_position","rowCount":3}
{"ts":"2026-08-04T23:48:49.321Z","rejected":false,"sql":"SELECT 'deal_history' t, id, deal_id, NULL patient_id FROM deal_history WHERE deal_id IN (2821,2934)\nUNION ALL\nSELECT 'deal_labels', NULL, deal_id, NULL FROM deal_labels WHERE deal_id IN (2821,2934)\nUNION ALL\nSELECT 'handoff_alerts', id, deal_id, patient_id FROM handoff_alerts WHERE deal_id IN (2821,2934) OR patient_id IN (2519,2531,2532,2533,2534,2535,2536,2537,2538,2539,2540,2541,2542,2543,2703,2953)\nUNION ALL\nSELECT 'lead_exclusion_manual', NULL, deal_id, NULL FROM lead_exclusion_manual WHERE deal_id IN (2821,2934)\nUNION ALL\nSELECT 'ownership_history', id, deal_id, NULL FROM ownership_history WHERE deal_id IN (2821,2934)\nUNION ALL\nSELECT 'owner_notifications', id, deal_id, NULL FROM owner_notifications WHERE deal_id IN (2821,2934)\nUNION ALL\nSELECT 'patient_labels', NULL, NULL, patient_id FROM patient_labels WHERE patient_id IN (2519,2531,2532,2533,2534,2535,2536,2537,2538,2539,2540,2541,2542,2543,2703,2953)\nUNION ALL\nSELECT 'referrals', id, deal_id, NULL FROM referrals WHERE deal_id IN (2821,2934)\nUNION ALL\nSELECT 'stage_history', id, deal_id, NULL FROM stage_history WHERE deal_id IN (2821,2934)\nUNION ALL\nSELECT 'tintim_webhook_log', id, deal_id, NULL FROM tintim_webhook_log WHERE deal_id IN (2821,2934)\nUNION ALL\nSELECT 'whatsapp_conversations', id, deal_id, patient_id FROM whatsapp_conversations WHERE deal_id IN (2821,2934) OR patient_id IN (2519,2531,2532,2533,2534,2535,2536,2537,2538,2539,2540,2541,2542,2543,2703,2953)\nUNION ALL\nSELECT 'patients_referred_by', id, NULL, referred_by_patient_id FROM patients WHERE referred_by_patient_id IN (2519,2531,2532,2533,2534,2535,2536,2537,2538,2539,2540,2541,2542,2543,2703,2953)","rowCount":4}
{"ts":"2026-08-04T23:48:59.042Z","rejected":false,"sql":"SELECT column_name FROM information_schema.columns WHERE table_schema='vivera_crm' AND table_name='whatsapp_messages' ORDER BY ordinal_position","rowCount":10}
{"ts":"2026-08-04T23:49:00.101Z","rejected":false,"sql":"SELECT * FROM whatsapp_conversations WHERE deal_id IN (2821,2934) OR patient_id IN (2519,2531,2532,2533,2534,2535,2536,2537,2538,2539,2540,2541,2542,2543,2703,2953)","rowCount":1}
{"ts":"2026-08-04T23:49:05.245Z","rejected":false,"sql":"SELECT COUNT(*) cnt, MIN(created_at) first_msg, MAX(created_at) last_msg FROM whatsapp_messages WHERE conversation_id = 1","rowCount":1}
{"ts":"2026-08-04T23:49:25.729Z","rejected":false,"sql":"SELECT COUNT(*) FROM activities WHERE deal_id IN (2821,2934)","rowCount":1}
{"ts":"2026-08-04T23:49:27.161Z","rejected":false,"sql":"SELECT column_name FROM information_schema.columns WHERE table_schema='vivera_crm' AND table_name='activities' ORDER BY ordinal_position","rowCount":21}
{"ts":"2026-08-04T23:49:33.112Z","rejected":false,"sql":"SELECT * FROM patients WHERE id IN (2519,2531,2532,2533,2534,2535,2536,2537,2538,2539,2540,2541,2542,2543,2703,2953) ORDER BY id","rowCount":16}
{"ts":"2026-08-04T23:49:34.472Z","rejected":false,"sql":"SELECT * FROM deals WHERE id IN (2821,2934)","rowCount":2}
{"ts":"2026-08-04T23:49:35.871Z","rejected":false,"sql":"SELECT id, deal_id, patient_id, user_id, type, subject, status, done, done_at, created_at, note, person_name, deal_title FROM activities WHERE deal_id IN (2821,2934) ORDER BY id","rowCount":260}
{"ts":"2026-08-04T23:49:38.180Z","rejected":false,"sql":"SELECT * FROM calendar_events WHERE deal_id IN (2821,2934)","rowCount":2}
{"ts":"2026-08-04T23:49:39.453Z","rejected":false,"sql":"SELECT * FROM stage_history WHERE deal_id IN (2821,2934)","rowCount":3}
{"ts":"2026-08-04T23:49:40.745Z","rejected":false,"sql":"SELECT id, conversation_id, direction, message_type, content, wa_message_id, status, created_at FROM whatsapp_messages WHERE conversation_id = 1 ORDER BY id","rowCount":83}
{"ts":"2026-08-05T14:42:33.363Z","rejected":true,"reason":"only SELECT statements are allowed","sql":"SHOW TABLES"}
{"ts":"2026-08-05T14:42:37.830Z","rejected":true,"reason":"only SELECT statements are allowed","sql":"SHOW TABLES"}
{"ts":"2026-08-05T14:42:42.904Z","rejected":false,"sql":"SELECT table_name FROM information_schema.tables WHERE table_schema = 'public' ORDER BY table_name","rowCount":0}
{"ts":"2026-08-05T14:42:47.720Z","rejected":false,"sql":"SELECT table_schema, table_name FROM information_schema.tables ORDER BY table_schema, table_name LIMIT 200","rowCount":138}
{"ts":"2026-08-05T14:42:54.607Z","rejected":false,"sql":"SELECT column_name, data_type, is_nullable, column_default FROM information_schema.columns WHERE table_schema='vivera_crm' AND table_name IN ('deals','deal_labels','labels') ORDER BY table_name, ordinal_position","rowCount":70}
{"ts":"2026-08-05T14:43:01.728Z","rejected":false,"sql":"SELECT * FROM labels ORDER BY category, name LIMIT 200","rowCount":47}
{"ts":"2026-08-05T14:43:08.850Z","rejected":false,"sql":"SELECT stage_tag, COUNT(*) c FROM deals GROUP BY stage_tag ORDER BY c DESC","rowCount":5}
{"ts":"2026-08-05T14:43:10.232Z","rejected":false,"sql":"SELECT id, tags FROM deals WHERE tags IS NOT NULL AND tags != '' LIMIT 30","rowCount":30}
{"ts":"2026-08-05T14:43:15.820Z","rejected":false,"sql":"SELECT id, status, qualificado, stage_tag, tags, loss_reason, reopened_lost_lead, already_patient, duplicate_alert, sync_status FROM deals WHERE id = 5126","rowCount":1}
{"ts":"2026-08-05T14:43:24.432Z","rejected":false,"sql":"SELECT id, tags FROM deals WHERE tags LIKE '%situacao:%' LIMIT 100","rowCount":100}
{"ts":"2026-08-05T14:43:36.696Z","rejected":false,"sql":"SELECT REGEXP_SUBSTR(tags, 'situacao:[a-zA-Z0-9_]+') AS situacao_valor, COUNT(*) AS qtd\nFROM deals\nWHERE tags LIKE '%situacao:%'\nGROUP BY situacao_valor\nORDER BY qtd DESC","rowCount":9}
{"ts":"2026-08-05T14:43:38.390Z","rejected":false,"sql":"SELECT COUNT(*) AS total_deals, SUM(CASE WHEN tags LIKE '%situacao:%' THEN 1 ELSE 0 END) AS com_situacao FROM deals","rowCount":1}
{"ts":"2026-08-05T14:43:44.433Z","rejected":true,"reason":"forbidden keyword detected","sql":"SELECT id, tags FROM deals WHERE (LENGTH(tags) - LENGTH(REPLACE(tags, 'situacao:', ''))) / LENGTH('situacao:') > 1 LIMIT 20"}
{"ts":"2026-08-05T14:43:50.759Z","rejected":false,"sql":"SELECT id, tags, JSON_LENGTH(tags) AS n FROM deals WHERE tags LIKE '%situacao:%' AND JSON_LENGTH(tags) > 1 LIMIT 20","rowCount":0}
{"ts":"2026-08-05T14:44:01.167Z","rejected":false,"sql":"SELECT dl.deal_id, l.name, l.category FROM deal_labels dl JOIN labels l ON l.id = dl.label_id WHERE dl.deal_id IN (3206,5126,44)","rowCount":3}
{"ts":"2026-08-05T14:44:03.069Z","rejected":false,"sql":"SELECT COUNT(*) FROM deals WHERE tags LIKE '%situacao:%' AND JSON_LENGTH(tags)=1 AND JSON_UNQUOTE(JSON_EXTRACT(tags,'$[0]')) NOT LIKE 'situacao:%'","rowCount":1}
{"ts":"2026-08-05T15:16:35.376Z","rejected":false,"sql":"SELECT id, title, status FROM deals WHERE status='lost' AND tags LIKE '%situacao:adicional%'","rowCount":1}
{"ts":"2026-08-05T16:55:22.360Z","rejected":true,"reason":"only SELECT statements are allowed","sql":"SHOW TABLES"}
{"ts":"2026-08-05T16:55:25.831Z","rejected":true,"reason":"only SELECT statements are allowed","sql":"SHOW TABLES"}
{"ts":"2026-08-05T16:55:29.972Z","rejected":false,"sql":"SELECT table_name FROM information_schema.tables WHERE table_schema = 'vivera_crm' ORDER BY table_name","rowCount":56}
{"ts":"2026-08-05T16:55:36.330Z","rejected":false,"sql":"SELECT column_name, data_type, character_maximum_length FROM information_schema.columns WHERE table_schema='vivera_crm' AND table_name='chatbot_ai_config' ORDER BY ordinal_position","rowCount":4}
{"ts":"2026-08-05T16:55:42.984Z","rejected":false,"sql":"SELECT id, config_key, LENGTH(config_value) AS value_length, updated_at FROM chatbot_ai_config ORDER BY config_key","rowCount":68}
{"ts":"2026-08-05T16:55:52.669Z","rejected":false,"sql":"SELECT config_value FROM chatbot_ai_config WHERE config_key = 'system_prompt'","rowCount":1}
{"ts":"2026-08-05T16:55:59.270Z","rejected":false,"sql":"SELECT config_key, config_value, updated_at FROM chatbot_ai_config WHERE config_key != 'system_prompt' ORDER BY config_key","rowCount":67}
{"ts":"2026-08-05T16:56:04.875Z","rejected":false,"sql":"SELECT column_name, data_type FROM information_schema.columns WHERE table_schema='vivera_crm' AND table_name='procedures' ORDER BY ordinal_position","rowCount":6}
{"ts":"2026-08-05T16:56:13.473Z","rejected":false,"sql":"SELECT id, name, pipedrive_option_id, default_value, active, sort FROM procedures ORDER BY sort LIMIT 50","rowCount":14}
{"ts":"2026-08-05T18:56:36.605Z","rejected":false,"sql":"SELECT DISTINCT wc.id as conversation_id, wc.patient_id, d.title, d.owner_name, d.stage_id, d.status, d.created_at as lead_criado, MAX(wm.created_at) as ultima_mensagem FROM whatsapp_conversations wc INNER JOIN whatsapp_messages wm ON wc.id = wm.conversation_id INNER JOIN deals d ON d.patient_id = wc.patient_id WHERE wm.created_at >= DATE_SUB(CURRENT_DATE, INTERVAL 14 DAY) AND d.status = 'open' GROUP BY wc.id, wc.patient_id, d.title, d.owner_name, d.stage_id, d.status, d.created_at ORDER BY MAX(wm.created_at) DESC LIMIT 50","rowCount":50}
{"ts":"2026-08-05T18:56:46.114Z","rejected":false,"sql":"SELECT wm.id, wm.created_at, wm.direction, wm.sent_by, wm.content, wm.message_type FROM whatsapp_messages wm WHERE wm.conversation_id IN (683, 508, 603, 642) ORDER BY wm.created_at ASC LIMIT 100","rowCount":43}
{"ts":"2026-08-05T18:56:55.610Z","rejected":false,"sql":"SELECT wm.conversation_id, COUNT(wm.id) as total_msgs, MAX(wm.created_at) as ultima_msg, MIN(wm.created_at) as primeira_msg, SUM(CASE WHEN wm.direction = 'in' THEN 1 ELSE 0 END) as msgs_in, SUM(CASE WHEN wm.direction = 'out' THEN 1 ELSE 0 END) as msgs_out FROM whatsapp_messages wm WHERE wm.conversation_id IN (533, 553, 570, 597, 607, 605, 600, 517, 528, 495, 490, 485) GROUP BY wm.conversation_id ORDER BY ultima_msg DESC","rowCount":10}
{"ts":"2026-08-05T18:57:01.821Z","rejected":false,"sql":"SELECT wm.created_at, wm.direction, wm.sent_by, wm.content FROM whatsapp_messages wm WHERE wm.conversation_id = 553 ORDER BY wm.created_at ASC","rowCount":31}
{"ts":"2026-08-05T18:57:09.214Z","rejected":false,"sql":"SELECT wm.created_at, wm.direction, wm.sent_by, wm.content FROM whatsapp_messages wm WHERE wm.conversation_id = 533 ORDER BY wm.created_at ASC","rowCount":13}
{"ts":"2026-08-05T18:57:17.353Z","rejected":false,"sql":"SELECT wm.created_at, wm.direction, wm.sent_by, wm.content FROM whatsapp_messages wm WHERE wm.conversation_id IN (570, 495, 528) ORDER BY wm.created_at ASC LIMIT 60","rowCount":29}
{"ts":"2026-08-05T21:20:23.509Z","rejected":false,"sql":"SELECT table_name, create_time FROM information_schema.tables WHERE table_schema='vivera_crm' AND (table_name LIKE '%version%' OR table_name LIKE '%proposal%' OR table_name LIKE '%regress%' OR create_time >= '2026-08-03') ORDER BY create_time DESC","rowCount":5}
{"ts":"2026-08-05T21:20:29.246Z","rejected":false,"sql":"SELECT (SELECT COUNT(*) FROM vivera_crm.chatbot_config_versions) AS versoes_gravadas, (SELECT COUNT(*) FROM vivera_crm.prompt_proposals) AS propostas, (SELECT MAX(updated_at) FROM vivera_crm.chatbot_ai_config WHERE config_key='system_prompt') AS prompt_editado_em, (SELECT config_value FROM vivera_crm.chatbot_ai_config WHERE config_key='restrict_to_allowlist') AS allowlist_ativa","rowCount":1}
{"ts":"2026-08-05T21:20:38.148Z","rejected":false,"sql":"SELECT id, status, LEFT(diff, 120) AS diff_inicio, created_at, decided_at FROM vivera_crm.prompt_proposals ORDER BY created_at ASC","rowCount":7}
{"ts":"2026-08-05T21:20:46.462Z","rejected":false,"sql":"SELECT id, config_key, changed_by, changed_at, LEFT(note,100) AS nota, CHAR_LENGTH(old_value) AS antes, CHAR_LENGTH(new_value) AS depois FROM vivera_crm.chatbot_config_versions ORDER BY changed_at DESC LIMIT 9","rowCount":9}
{"ts":"2026-08-05T21:20:52.652Z","rejected":false,"sql":"SELECT ha.id, ha.conversation_id, ha.created_at, ha.resolved_at, wc.ai_enabled, (SELECT COUNT(*) FROM vivera_crm.whatsapp_messages m WHERE m.conversation_id=ha.conversation_id AND m.sent_by='ai' AND m.created_at > ha.created_at AND (ha.resolved_at IS NULL OR m.created_at < ha.resolved_at)) AS msgs_ia_apos_handoff FROM vivera_crm.handoff_alerts ha JOIN vivera_crm.whatsapp_conversations wc ON wc.id=ha.conversation_id WHERE ha.created_at >= '2026-08-04' ORDER BY ha.created_at DESC LIMIT 10","rowCount":1}
{"ts":"2026-08-05T21:21:01.100Z","rejected":false,"sql":"SELECT sent_by, LEFT(content, 160) AS texto, created_at FROM vivera_crm.whatsapp_messages WHERE conversation_id=203 AND created_at >= '2026-08-05 20:25:00' ORDER BY created_at ASC LIMIT 20","rowCount":8}
{"ts":"2026-08-06T10:59:55.930Z","rejected":false,"sql":"SELECT id, conversation_id, direction, message_type, content, media_url, sent_by, created_at FROM whatsapp_messages WHERE conversation_id = 203 AND created_at >= '2026-08-06 10:50:00' ORDER BY id ASC LIMIT 50","rowCount":7}
{"ts":"2026-08-06T11:07:48.211Z","rejected":false,"sql":"SELECT id, ai_enabled, updated_at FROM whatsapp_conversations WHERE id = 203","rowCount":1}
{"ts":"2026-08-06T11:10:14.592Z","rejected":false,"sql":"SELECT id, conversation_id, direction, message_type, content, media_url, sent_by, created_at FROM whatsapp_messages WHERE conversation_id = 203 AND created_at >= '2026-08-06 10:57:00' ORDER BY id ASC LIMIT 50","rowCount":7}
{"ts":"2026-08-06T11:24:21.018Z","rejected":false,"sql":"SELECT id, conversation_id, direction, message_type, content, media_url, sent_by, created_at FROM whatsapp_messages WHERE conversation_id = 203 AND created_at >= '2026-08-06 10:59:00' ORDER BY id ASC LIMIT 50","rowCount":7}
{"ts":"2026-08-06T11:36:53.694Z","rejected":false,"sql":"SELECT id, phone, created_at FROM whatsapp_conversations WHERE phone LIKE '%99900000777%' OR phone LIKE '%5599900000777%' ORDER BY id DESC LIMIT 5","rowCount":1}
{"ts":"2026-08-06T11:37:01.685Z","rejected":false,"sql":"SELECT id, direction, message_type, content, sent_by, created_at FROM whatsapp_messages WHERE conversation_id = 802 ORDER BY id ASC","rowCount":3}
{"ts":"2026-08-06T13:09:00.368Z","rejected":true,"reason":"only SELECT statements are allowed","sql":"SHOW TABLES"}
{"ts":"2026-08-06T13:09:09.989Z","rejected":false,"sql":"SELECT table_name FROM information_schema.tables WHERE table_schema = DATABASE() AND table_name LIKE '%whatsapp%'","rowCount":4}
{"ts":"2026-08-06T13:09:16.761Z","rejected":false,"sql":"SELECT * FROM whatsapp_sessions LIMIT 5","rowCount":1}
{"ts":"2026-08-06T13:09:32.125Z","rejected":false,"sql":"SELECT * FROM whatsapp_connections LIMIT 10","rowCount":1}
{"ts":"2026-08-06T15:08:40.084Z","rejected":false,"sql":"SELECT id, label, status, phone_number, last_seen, updated_at FROM whatsapp_connections","rowCount":1}
{"ts":"2026-08-06T15:50:51.653Z","rejected":true,"reason":"only SELECT statements are allowed","sql":"SHOW TABLES LIKE '%config%'"}
{"ts":"2026-08-06T15:50:56.474Z","rejected":false,"sql":"SELECT table_name FROM information_schema.tables WHERE table_schema = DATABASE() AND table_name LIKE '%config%'","rowCount":2}
{"ts":"2026-08-06T15:53:32.531Z","rejected":false,"sql":"SELECT * FROM chatbot_flows","rowCount":5}
{"ts":"2026-08-06T15:56:17.458Z","rejected":false,"sql":"SELECT config_key, config_value FROM chatbot_ai_config WHERE config_key IN ('ai_globally_enabled','seq_trigger_audio_path')","rowCount":2}
{"ts":"2026-08-06T15:56:24.973Z","rejected":false,"sql":"SELECT id, label, ai_enabled, chatbot_enabled, status FROM whatsapp_connections","rowCount":1}
{"ts":"2026-08-06T15:59:12.549Z","rejected":false,"sql":"SELECT config_key, config_value FROM chatbot_ai_config WHERE config_key LIKE 'seq_%' ORDER BY config_key","rowCount":15}
{"ts":"2026-08-06T15:59:53.393Z","rejected":false,"sql":"SELECT id, conversation_id, direction, content, media_url, message_type, created_at FROM whatsapp_messages WHERE content LIKE '%audio pre-qualificacao%' OR media_url LIKE '%dr_diego_audio%' ORDER BY created_at DESC LIMIT 20","rowCount":2}
{"ts":"2026-08-06T16:00:11.000Z","rejected":false,"sql":"SELECT column_name FROM information_schema.columns WHERE table_schema = DATABASE() AND table_name = 'scheduled_messages'","rowCount":9}
{"ts":"2026-08-06T16:00:16.305Z","rejected":false,"sql":"SELECT id, conversation_id, sequence_step, message_type, content, fire_at, status, sent_at, created_at FROM scheduled_messages WHERE message_type='audio' ORDER BY created_at DESC LIMIT 20","rowCount":4}
{"ts":"2026-08-06T18:10:36.666Z","rejected":false,"sql":"SELECT column_name, data_type FROM information_schema.columns WHERE table_schema = DATABASE() AND table_name = 'ai_chatbot_allowlist'","rowCount":4}
{"ts":"2026-08-06T18:18:05.665Z","rejected":false,"sql":"SELECT id, phone, ai_enabled, connection_id, created_at FROM whatsapp_conversations WHERE phone LIKE '%900001001%' OR phone LIKE '%900001003%'","rowCount":0}
{"ts":"2026-08-06T18:39:25.529Z","rejected":false,"sql":"SELECT id, phone, label, created_at FROM ai_chatbot_allowlist WHERE phone LIKE '%900001001%' OR phone LIKE '%900001002%' OR phone LIKE '%900001003%' OR phone LIKE '%900001004%'","rowCount":1}
{"ts":"2026-08-06T18:43:06.371Z","rejected":false,"sql":"SELECT id, phone FROM ai_chatbot_allowlist WHERE phone LIKE '%900001001%' OR phone LIKE '%900001002%' OR phone LIKE '%900001003%' OR phone LIKE '%900001004%'","rowCount":0}
{"ts":"2026-08-06T18:43:11.472Z","rejected":false,"sql":"SELECT id, phone FROM whatsapp_conversations WHERE phone LIKE '%900001001%' OR phone LIKE '%900001002%' OR phone LIKE '%900001003%' OR phone LIKE '%900001004%'","rowCount":1}
{"ts":"2026-08-06T18:47:53.594Z","rejected":false,"sql":"SELECT id, status, updated_at FROM whatsapp_connections WHERE id = 5","rowCount":1}
{"ts":"2026-08-06T18:48:08.369Z","rejected":false,"sql":"SELECT id, phone FROM whatsapp_conversations WHERE phone LIKE '%900001004%'","rowCount":1}
{"ts":"2026-08-06T18:50:51.138Z","rejected":false,"sql":"SELECT id, phone FROM ai_chatbot_allowlist WHERE phone LIKE '%900001004%'","rowCount":1}
{"ts":"2026-08-06T18:51:48.649Z","rejected":false,"sql":"SELECT id, phone FROM whatsapp_conversations WHERE phone LIKE '%900001004%'","rowCount":0}
{"ts":"2026-08-06T18:56:18.535Z","rejected":false,"sql":"SELECT id, phone FROM whatsapp_conversations WHERE phone LIKE '%900001001%' OR phone LIKE '%900001002%' OR phone LIKE '%900001003%' OR phone LIKE '%900001004%'","rowCount":1}
{"ts":"2026-08-06T18:56:27.548Z","rejected":false,"sql":"SELECT id, phone FROM ai_chatbot_allowlist WHERE phone LIKE '%900001001%' OR phone LIKE '%900001002%' OR phone LIKE '%900001003%' OR phone LIKE '%900001004%'","rowCount":1}
{"ts":"2026-08-06T19:03:43.783Z","rejected":false,"sql":"SELECT id, phone FROM whatsapp_conversations WHERE phone LIKE '%900001001%' OR phone LIKE '%900001002%' OR phone LIKE '%900001003%' OR phone LIKE '%900001004%'","rowCount":0}
{"ts":"2026-08-06T19:03:49.156Z","rejected":false,"sql":"SELECT id, phone FROM ai_chatbot_allowlist WHERE phone LIKE '%900001001%' OR phone LIKE '%900001002%' OR phone LIKE '%900001003%' OR phone LIKE '%900001004%'","rowCount":0}
{"ts":"2026-08-06T19:03:54.438Z","rejected":false,"sql":"SELECT id, status FROM whatsapp_connections WHERE id = 5","rowCount":1}
{"ts":"2026-08-06T20:00:12.579Z","rejected":false,"sql":"SELECT config_key, config_value FROM chatbot_ai_config WHERE config_key = 'restrict_to_allowlist'","rowCount":1}
{"ts":"2026-08-06T21:51:26.833Z","rejected":false,"sql":"SELECT id, phone, label FROM ai_chatbot_allowlist","rowCount":5}
{"ts":"2026-08-06T21:51:43.683Z","rejected":false,"sql":"SELECT p.id AS patient_id, p.name, p.phone, d.id AS deal_id, d.stage_id, d.pipeline_id\nFROM patients p\nJOIN deals d ON d.patient_id = p.id\nWHERE p.phone LIKE '%3984639443%' OR p.phone LIKE '%8988294496%' OR p.phone LIKE '%4884746811%' OR p.phone LIKE '%7999854503%' OR p.phone LIKE '%8999016965%'\nORDER BY d.id DESC LIMIT 10","rowCount":10}
{"ts":"2026-08-06T21:52:01.184Z","rejected":false,"sql":"SELECT p.id AS patient_id, p.name, p.phone, d.id AS deal_id\nFROM patients p JOIN deals d ON d.patient_id = p.id\nWHERE p.phone NOT LIKE '%3984639443%' AND p.phone NOT LIKE '%8988294496%' AND p.phone NOT LIKE '%4884746811%' AND p.phone NOT LIKE '%7999854503%' AND p.phone NOT LIKE '%8999016965%'\nAND p.name LIKE '%Teste%'\nORDER BY d.id DESC LIMIT 5","rowCount":1}
{"ts":"2026-08-06T21:52:33.116Z","rejected":true,"reason":"only SELECT statements are allowed","sql":"SHOW TABLES"}
{"ts":"2026-08-06T21:52:41.657Z","rejected":false,"sql":"SELECT COLUMN_NAME FROM information_schema.columns WHERE table_schema=DATABASE() AND table_name='whatsapp_messages'","rowCount":10}
{"ts":"2026-08-06T21:52:54.048Z","rejected":false,"sql":"SELECT COLUMN_NAME FROM information_schema.columns WHERE table_schema=DATABASE() AND table_name='scheduled_messages'","rowCount":9}
{"ts":"2026-08-06T22:02:36.185Z","rejected":false,"sql":"SELECT d.id AS deal_id, p.id AS patient_id, p.name, p.phone FROM deals d JOIN patients p ON p.id = d.patient_id WHERE d.id = 5357","rowCount":1}
{"ts":"2026-08-06T22:02:40.393Z","rejected":false,"sql":"SELECT config_key, config_value FROM chatbot_ai_config WHERE config_key = 'restrict_to_allowlist'","rowCount":1}
{"ts":"2026-08-06T22:02:45.186Z","rejected":false,"sql":"SELECT id, phone, label FROM ai_chatbot_allowlist WHERE phone LIKE '%84746811%' OR phone LIKE '%48984746811%'","rowCount":1}
{"ts":"2026-08-06T22:03:51.437Z","rejected":false,"sql":"SELECT d.id AS deal_id, p.id AS patient_id, p.name, p.phone FROM deals d JOIN patients p ON p.id = d.patient_id WHERE p.phone NOT LIKE '%84639443' AND p.phone NOT LIKE '%88294496' AND p.phone NOT LIKE '%84746811' AND p.phone NOT LIKE '%99854503' AND p.phone NOT LIKE '%99016965' AND p.phone IS NOT NULL AND p.phone != '' ORDER BY d.id DESC LIMIT 5","rowCount":5}
{"ts":"2026-08-06T22:05:29.589Z","rejected":false,"sql":"SELECT d.id, d.stage_id FROM deals d WHERE d.id IN (5358, 5559)","rowCount":2}
{"ts":"2026-08-06T23:48:41.856Z","rejected":false,"sql":"SELECT NOW() as agora","rowCount":1}
{"ts":"2026-08-06T23:49:26.841Z","rejected":false,"sql":"SELECT id, deal_id, patient_id, type, content, created_at FROM activities WHERE type = 'cadence_manual' ORDER BY id DESC LIMIT 10","rowCount":10}
{"ts":"2026-08-06T23:49:51.605Z","rejected":false,"sql":"SELECT d.id AS deal_id, p.id AS patient_id, p.name, p.phone FROM deals d JOIN patients p ON p.id=d.patient_id WHERE d.id=5356","rowCount":1}
{"ts":"2026-08-06T23:50:11.412Z","rejected":false,"sql":"SELECT id, phone, ai_enabled, created_at, updated_at FROM whatsapp_conversations WHERE phone LIKE '%88294496%' ORDER BY id DESC LIMIT 3","rowCount":3}
{"ts":"2026-08-06T23:50:30.940Z","rejected":false,"sql":"SELECT id, trigger_keyword, is_active, connection_id FROM chatbot_flows WHERE trigger_keyword IN ('fluxo_inicial_quiz','fluxo_cadencia_inbound')","rowCount":2}
{"ts":"2026-08-06T23:50:49.583Z","rejected":false,"sql":"SELECT * FROM whatsapp_connections ORDER BY id","rowCount":1}
{"ts":"2026-08-06T23:59:16.168Z","rejected":false,"sql":"SELECT config_key, LENGTH(config_value) as len FROM chatbot_ai_config WHERE config_key LIKE '%prompt%'","rowCount":7}
{"ts":"2026-08-06T23:59:23.274Z","rejected":false,"sql":"SELECT config_value FROM chatbot_ai_config WHERE config_key = 'system_prompt'","rowCount":1}
{"ts":"2026-08-07T00:01:16.453Z","rejected":false,"sql":"SELECT config_value FROM chatbot_ai_config WHERE config_key = 'qualificador_prompt'","rowCount":1}
{"ts":"2026-08-07T00:01:43.204Z","rejected":true,"reason":"only SELECT statements are allowed","sql":"SHOW TABLES"}
{"ts":"2026-08-07T00:01:47.084Z","rejected":false,"sql":"SELECT * FROM activities LIMIT 1","rowCount":1}
{"ts":"2026-08-07T00:01:52.476Z","rejected":false,"sql":"SELECT \n  user_name,\n  type,\n  status,\n  done,\n  COUNT(*) as total\nFROM activities\nWHERE user_name = 'Helenice' \n  AND DATE(created_at) = '2026-08-06'\nGROUP BY user_name, type, status, done","rowCount":10}
{"ts":"2026-08-07T00:01:59.110Z","rejected":false,"sql":"SELECT \n  deal_id,\n  patient_id,\n  type,\n  done,\n  created_at,\n  content\nFROM activities\nWHERE user_name = 'Helenice' \n  AND DATE(created_at) = '2026-08-06'\nORDER BY created_at DESC\nLIMIT 50","rowCount":50}
{"ts":"2026-08-07T00:02:14.556Z","rejected":false,"sql":"SELECT config_key, LEFT(config_value,100) as preview FROM chatbot_ai_config WHERE config_key LIKE '%handoff%'","rowCount":1}
{"ts":"2026-08-07T00:12:13.905Z","rejected":false,"sql":"SELECT id, trigger_keyword, is_active, connection_id FROM chatbot_flows ORDER BY id","rowCount":5}
{"ts":"2026-08-07T00:12:21.779Z","rejected":false,"sql":"SELECT config_key, LEFT(config_value, 150) as preview, LENGTH(config_value) as len FROM chatbot_ai_config WHERE config_key LIKE 'cadencia_draft%' OR config_key LIKE 'seq_trigger%' OR config_key = 'fallback_welcome_message' ORDER BY config_key","rowCount":28}
{"ts":"2026-08-07T00:19:13.804Z","rejected":false,"sql":"SELECT * FROM deals LIMIT 1","rowCount":1}
{"ts":"2026-08-07T00:19:20.351Z","rejected":false,"sql":"SELECT \n  d.id,\n  d.title,\n  d.owner_name,\n  d.closer_user_id,\n  d.won_date,\n  d.value,\n  d.origem,\n  d.procedure_name,\n  d.stage_tag\nFROM deals d\nWHERE DATE(d.won_date) = '2026-08-06'\nORDER BY d.won_date DESC","rowCount":3}
{"ts":"2026-08-07T00:19:26.255Z","rejected":false,"sql":"SELECT DISTINCT owner_name \nFROM deals \nWHERE owner_name IS NOT NULL\nORDER BY owner_name","rowCount":7}
{"ts":"2026-08-07T00:29:46.126Z","rejected":true,"reason":"only SELECT statements are allowed","sql":"SHOW TABLES"}
{"ts":"2026-08-07T00:29:50.120Z","rejected":false,"sql":"SELECT table_name FROM information_schema.tables WHERE table_schema = 'vivera_crm'","rowCount":56}
{"ts":"2026-08-07T00:29:55.914Z","rejected":false,"sql":"SELECT column_name, data_type, column_default FROM information_schema.columns WHERE table_schema='vivera_crm' AND table_name='deals' ORDER BY ordinal_position","rowCount":63}
{"ts":"2026-08-07T00:29:57.028Z","rejected":false,"sql":"SELECT NOW() as db_now, UTC_TIMESTAMP() as db_utc, @@global.time_zone as global_tz, @@session.time_zone as session_tz","rowCount":1}
{"ts":"2026-08-07T00:30:03.293Z","rejected":true,"reason":"only SELECT statements are allowed","sql":"SHOW TABLES"}
{"ts":"2026-08-07T00:30:07.914Z","rejected":false,"sql":"SELECT table_name FROM information_schema.tables WHERE table_schema = 'vivera_crm' OR table_schema = database() ORDER BY table_name","rowCount":56}
{"ts":"2026-08-07T00:30:13.440Z","rejected":false,"sql":"SELECT column_name, data_type FROM information_schema.columns WHERE table_schema = database() AND table_name = 'deals' ORDER BY ordinal_position","rowCount":63}
{"ts":"2026-08-07T00:30:15.064Z","rejected":false,"sql":"SELECT * FROM origem_options ORDER BY 1","rowCount":10}
{"ts":"2026-08-07T00:30:16.220Z","rejected":false,"sql":"SELECT column_name, data_type FROM information_schema.columns WHERE table_schema = database() AND table_name = 'lead_origins' ORDER BY ordinal_position","rowCount":5}
{"ts":"2026-08-07T00:30:18.407Z","rejected":false,"sql":"SELECT id, title, status, add_date, won_date, stage_entered_at, updated_at, created_at FROM deals WHERE status = 'won' ORDER BY won_date DESC LIMIT 15","rowCount":15}
{"ts":"2026-08-07T00:30:23.982Z","rejected":false,"sql":"SELECT origem, plataforma, utm_source, COUNT(*) as qtd FROM deals GROUP BY origem, plataforma, utm_source ORDER BY qtd DESC LIMIT 40","rowCount":40}
{"ts":"2026-08-07T00:30:25.079Z","rejected":false,"sql":"SELECT DISTINCT status FROM deals","rowCount":3}
{"ts":"2026-08-07T00:31:02.477Z","rejected":false,"sql":"SELECT origem, plataforma, utm_source,\n  COUNT(*) as qtd,\n  SUM(ad_campaign_name IS NOT NULL) as com_ad_campaign,\n  SUM(ctwa_clid IS NOT NULL) as com_ctwa,\n  SUM(tintim_source_raw IS NOT NULL) as com_tintim_raw\nFROM deals\nWHERE origem = 'Instagram'\nGROUP BY origem, plataforma, utm_source\nORDER BY qtd DESC\nLIMIT 20","rowCount":20}
{"ts":"2026-08-07T00:31:03.530Z","rejected":false,"sql":"SELECT tintim_source_raw, COUNT(*) FROM deals WHERE origem='Instagram' AND plataforma='Instagram' GROUP BY tintim_source_raw ORDER BY 2 DESC LIMIT 15","rowCount":2}
{"ts":"2026-08-07T00:31:04.751Z","rejected":false,"sql":"SELECT tintim_source_raw, COUNT(*) FROM deals WHERE origem='Instagram' AND plataforma='Meta Ads' GROUP BY tintim_source_raw ORDER BY 2 DESC LIMIT 15","rowCount":3}
{"ts":"2026-08-07T00:31:14.340Z","rejected":false,"sql":"SELECT tintim_source_raw, COUNT(*) as qtd FROM deals GROUP BY tintim_source_raw ORDER BY qtd DESC LIMIT 30","rowCount":5}
{"ts":"2026-08-07T00:31:15.532Z","rejected":false,"sql":"SELECT column_name, data_type FROM information_schema.columns WHERE table_schema = database() AND table_name = 'tintim_leads_raw' ORDER BY ordinal_position","rowCount":38}
{"ts":"2026-08-07T00:31:43.070Z","rejected":false,"sql":"SELECT view_definition FROM information_schema.views WHERE table_schema = database() AND table_name = 'v_deals_lead'","rowCount":1}
{"ts":"2026-08-07T00:31:44.173Z","rejected":false,"sql":"SELECT column_name, data_type FROM information_schema.columns WHERE table_schema = database() AND table_name = 'campaign_options' ORDER BY ordinal_position","rowCount":5}
{"ts":"2026-08-07T00:31:49.122Z","rejected":false,"sql":"SELECT column_name, data_type FROM information_schema.columns WHERE table_schema = database() AND table_name = 'v_deals_lead' ORDER BY ordinal_position","rowCount":64}
{"ts":"2026-08-07T00:31:50.193Z","rejected":false,"sql":"SELECT * FROM campaign_options ORDER BY sort","rowCount":3}
{"ts":"2026-08-07T00:32:38.433Z","rejected":false,"sql":"SELECT\n  CASE\n    WHEN tintim_source_raw IN ('Meta Ads','Google Ads') THEN 'Pago (Tintim confirma)'\n    WHEN ad_campaign_name IS NOT NULL OR utm_source = 'meta-ads' OR plataforma IN ('Meta Ads','CA01 - VIVERA HOF','CA02 - VIVERA HOF 2') THEN 'Pago (campo de anuncio preenchido)'\n    ELSE 'Organico (sem indicio de anuncio)'\n  END AS classificacao,\n  COUNT(*) as qtd_fechamentos,\n  SUM(value) as receita\nFROM deals\nWHERE status = 'won'\n  AND (origem LIKE '%nstagram%' OR plataforma LIKE '%nstagram%' OR plataforma = 'organico' OR utm_source = 'organico')\nGROUP BY classificacao\nORDER BY qtd_fechamentos DESC","rowCount":3}
{"ts":"2026-08-07T00:32:39.577Z","rejected":false,"sql":"SELECT status, COUNT(*) FROM deals WHERE (origem LIKE '%nstagram%' OR plataforma LIKE '%nstagram%') GROUP BY status","rowCount":3}
{"ts":"2026-08-07T00:32:46.864Z","rejected":false,"sql":"SELECT id, title, origem, plataforma, campanha, utm_source, tintim_source_raw, ad_campaign_name, won_date, value\nFROM deals\nWHERE status='won'\n  AND (origem LIKE '%nstagram%' OR plataforma LIKE '%nstagram%' OR plataforma = 'organico' OR utm_source = 'organico')\n  AND NOT (tintim_source_raw IN ('Meta Ads','Google Ads'))\n  AND NOT (ad_campaign_name IS NOT NULL OR utm_source = 'meta-ads' OR plataforma IN ('Meta Ads','CA01 - VIVERA HOF','CA02 - VIVERA HOF 2'))\nORDER BY won_date DESC","rowCount":0}
{"ts":"2026-08-07T00:32:58.736Z","rejected":false,"sql":"SELECT id, title, origem, plataforma, campanha, utm_source, tintim_source_raw, ad_campaign_name, won_date, value\nFROM deals\nWHERE status='won'\n  AND (origem LIKE '%nstagram%' OR plataforma LIKE '%nstagram%' OR plataforma = 'organico' OR utm_source = 'organico')\n  AND COALESCE(tintim_source_raw,'') NOT IN ('Meta Ads','Google Ads')\n  AND ad_campaign_name IS NULL\n  AND COALESCE(utm_source,'') <> 'meta-ads'\n  AND COALESCE(plataforma,'') NOT IN ('Meta Ads','CA01 - VIVERA HOF','CA02 - VIVERA HOF 2')\nORDER BY won_date DESC","rowCount":13}
{"ts":"2026-08-07T00:33:23.085Z","rejected":false,"sql":"SELECT id, title, origem, plataforma, campanha, tintim_source_raw, won_date, value\nFROM deals\nWHERE status='won'\n  AND (origem LIKE '%nstagram%' OR plataforma LIKE '%nstagram%' OR plataforma = 'organico' OR utm_source = 'organico')\n  AND COALESCE(tintim_source_raw,'') NOT IN ('Meta Ads','Google Ads')\n  AND (campanha IS NULL OR campanha = '' OR campanha = 'Indicação')\n  AND COALESCE(origem,'') NOT LIKE '%ndica%'\nORDER BY won_date DESC","rowCount":15}
{"ts":"2026-08-07T00:54:32.053Z","rejected":true,"reason":"only SELECT statements are allowed","sql":"SHOW TABLES"}
{"ts":"2026-08-07T00:54:35.250Z","rejected":true,"reason":"only SELECT statements are allowed","sql":"SHOW TABLES"}
{"ts":"2026-08-07T00:54:39.302Z","rejected":false,"sql":"SELECT table_name FROM information_schema.tables WHERE table_schema='public' ORDER BY table_name","rowCount":0}
{"ts":"2026-08-07T00:54:42.970Z","rejected":false,"sql":"SELECT table_schema, table_name FROM information_schema.tables ORDER BY table_schema, table_name","rowCount":138}
{"ts":"2026-08-07T00:54:50.195Z","rejected":false,"sql":"SELECT table_name, column_name, data_type, column_type FROM information_schema.columns WHERE table_schema='vivera_crm' AND table_name IN ('deals','patients','stages','pipelines') ORDER BY table_name, ordinal_position","rowCount":94}
{"ts":"2026-08-07T00:54:59.363Z","rejected":false,"sql":"SELECT @@global.time_zone AS global_tz, @@session.time_zone AS session_tz, NOW() AS now_server, UTC_TIMESTAMP() AS now_utc, CONVERT_TZ(NOW(),'UTC','America/Sao_Paulo') AS now_as_if_utc_converted","rowCount":1}
{"ts":"2026-08-07T00:55:09.408Z","rejected":false,"sql":"SELECT CONVERT_TZ(NOW(),'+00:00','-03:00') AS via_offset, CONVERT_TZ(NOW(),'UTC','America/Sao_Paulo') AS via_named","rowCount":1}
{"ts":"2026-08-07T00:55:16.537Z","rejected":false,"sql":"SELECT status, COUNT(*) AS n, SUM(value) AS total_value, SUM(CASE WHEN won_date IS NULL THEN 1 ELSE 0 END) AS won_date_null, SUM(CASE WHEN add_date IS NULL THEN 1 ELSE 0 END) AS add_date_null FROM deals GROUP BY status","rowCount":3}
{"ts":"2026-08-07T00:55:20.898Z","rejected":false,"sql":"SELECT (SELECT SUM(value) FROM deals WHERE status='won') AS soma_deals_won, (SELECT SUM(ltv) FROM patients) AS soma_ltv_patients, (SELECT COUNT(*) FROM patients WHERE ltv IS NULL) AS patients_ltv_null, (SELECT COUNT(*) FROM patients) AS total_patients","rowCount":1}
{"ts":"2026-08-07T00:55:35.504Z","rejected":false,"sql":"SELECT * FROM (\n  SELECT p.id, p.name, p.ltv, COALESCE(SUM(CASE WHEN d.status='won' THEN d.value ELSE 0 END),0) AS soma_deals_won\n  FROM patients p\n  LEFT JOIN deals d ON d.patient_id = p.id\n  GROUP BY p.id, p.name, p.ltv\n) t\nWHERE ABS(t.ltv - t.soma_deals_won) > 0.01\nORDER BY ABS(t.ltv - t.soma_deals_won) DESC\nLIMIT 30","rowCount":11}
{"ts":"2026-08-07T00:55:43.616Z","rejected":false,"sql":"SELECT origem, plataforma, COUNT(*) AS n, SUM(CASE WHEN status='won' THEN value ELSE 0 END) AS receita_won\nFROM deals\nGROUP BY origem, plataforma\nORDER BY n DESC\nLIMIT 40","rowCount":40}
{"ts":"2026-08-07T00:56:01.379Z","rejected":false,"sql":"SELECT YEAR(add_date) yr, MONTH(add_date) mo, COUNT(*) n, SUM(CASE WHEN origem IS NULL THEN 1 ELSE 0 END) AS sem_origem\nFROM deals\nGROUP BY yr, mo\nORDER BY yr DESC, mo DESC\nLIMIT 14","rowCount":6}
{"ts":"2026-08-07T00:56:07.368Z","rejected":false,"sql":"SELECT p.name AS pipeline, COUNT(*) n, SUM(CASE WHEN d.origem IS NULL THEN 1 ELSE 0 END) sem_origem\nFROM deals d JOIN pipelines p ON p.id=d.pipeline_id\nWHERE d.add_date >= '2026-07-01'\nGROUP BY p.name ORDER BY n DESC","rowCount":6}
{"ts":"2026-08-07T00:56:14.318Z","rejected":false,"sql":"SELECT p.name AS pipeline, COUNT(*) n_won, SUM(d.value) receita\nFROM deals d JOIN pipelines p ON p.id=d.pipeline_id\nWHERE d.status='won'\nGROUP BY p.name ORDER BY receita DESC","rowCount":5}
{"ts":"2026-08-07T00:56:20.181Z","rejected":false,"sql":"SELECT p.name pipeline, d.origem, COUNT(*) n, SUM(d.value) receita\nFROM deals d JOIN pipelines p ON p.id=d.pipeline_id\nWHERE d.status='won'\nGROUP BY p.name, d.origem\nORDER BY receita DESC\nLIMIT 20","rowCount":20}
{"ts":"2026-08-07T00:56:35.846Z","rejected":false,"sql":"SELECT table_name, column_name, data_type FROM information_schema.columns WHERE table_schema='vivera_crm' AND table_name IN ('calendar_events','activities','whatsapp_conversations','whatsapp_messages','origem_options','lead_origins','campaign_options') ORDER BY table_name, ordinal_position","rowCount":82}
{"ts":"2026-08-07T00:56:43.507Z","rejected":false,"sql":"SELECT label, active FROM origem_options ORDER BY sort","rowCount":10}
{"ts":"2026-08-07T00:56:58.675Z","rejected":true,"reason":"forbidden keyword detected","sql":"SELECT \n  LOWER(REPLACE(REPLACE(REPLACE(REPLACE(REPLACE(REPLACE(TRIM(origem),'á','a'),'ã','a'),'é','e'),'ç','c'),'ó','o'),'í','i')) AS origem_norm,\n  COUNT(*) n, SUM(CASE WHEN status='won' THEN value ELSE 0 END) receita_won\nFROM deals\nWHERE origem IS NOT NULL AND origem <> ''\nGROUP BY origem_norm\nORDER BY receita_won DESC\nLIMIT 30"}
{"ts":"2026-08-07T00:57:03.853Z","rejected":false,"sql":"SELECT LOWER(origem) AS origem_lower, COUNT(*) n, SUM(CASE WHEN status='won' THEN value ELSE 0 END) receita_won\nFROM deals\nWHERE origem IS NOT NULL AND origem <> ''\nGROUP BY origem_lower\nORDER BY receita_won DESC\nLIMIT 30","rowCount":15}
{"ts":"2026-08-07T00:57:11.088Z","rejected":false,"sql":"SELECT origem, COUNT(*) n, SUM(CASE WHEN status='won' THEN value ELSE 0 END) receita_won\nFROM deals\nWHERE origem IS NOT NULL AND origem <> ''\nGROUP BY origem\nORDER BY origem","rowCount":15}
{"ts":"2026-08-07T00:57:38.817Z","rejected":false,"sql":"SELECT \n (SELECT COUNT(*) FROM deals WHERE duplicate_alert=1) AS deals_duplicate_flag,\n (SELECT COUNT(*) FROM (SELECT phone FROM patients WHERE phone IS NOT NULL AND phone<>'' GROUP BY phone HAVING COUNT(*)>1) t) AS phones_duplicados,\n (SELECT COUNT(*) FROM patients WHERE phone IS NULL OR phone='') AS patients_sem_telefone,\n (SELECT COUNT(*) FROM whatsapp_conversations) AS total_conversas,\n (SELECT COUNT(*) FROM whatsapp_conversations WHERE patient_id IS NULL) AS conversas_sem_paciente,\n (SELECT COUNT(*) FROM whatsapp_messages) AS total_mensagens,\n (SELECT COUNT(*) FROM calendar_events) AS total_eventos_agenda,\n (SELECT COUNT(*) FROM calendar_events WHERE deal_id IS NULL) AS eventos_sem_deal","rowCount":1}
{"ts":"2026-08-07T00:57:47.819Z","rejected":false,"sql":"SELECT phone, COUNT(*) n_pacientes, SUM(ltv) soma_ltv, GROUP_CONCAT(id) ids\nFROM patients\nWHERE phone IS NOT NULL AND phone <> ''\nGROUP BY phone\nHAVING COUNT(*) > 1\nORDER BY soma_ltv DESC\nLIMIT 10","rowCount":10}
{"ts":"2026-08-07T00:57:55.904Z","rejected":false,"sql":"SELECT HOUR(start_at) hr, COUNT(*) n FROM calendar_events GROUP BY hr ORDER BY hr","rowCount":10}
{"ts":"2026-08-07T00:58:04.276Z","rejected":false,"sql":"SELECT status, title, COUNT(*) n FROM calendar_events WHERE HOUR(start_at)=12 GROUP BY status, title ORDER BY n DESC LIMIT 15","rowCount":2}
{"ts":"2026-08-07T00:58:11.373Z","rejected":false,"sql":"SELECT COUNT(*) n, SUM(value) receita FROM deals WHERE status='won' AND HOUR(won_date) BETWEEN 0 AND 2","rowCount":1}
{"ts":"2026-08-07T00:58:22.629Z","rejected":false,"sql":"SELECT \n (SELECT COUNT(*) FROM tintim_leads_raw) AS tintim_raw_total,\n (SELECT COUNT(*) FROM deals WHERE tintim_source_raw IS NOT NULL AND tintim_source_raw<>'') AS deals_com_tintim_raw,\n (SELECT COUNT(*) FROM deals) AS deals_total,\n (SELECT COUNT(DISTINCT deals.id) FROM deals JOIN tintim_leads_raw t ON t.phone = deals.id) AS ignore_placeholder","rowCount":1}
{"ts":"2026-08-07T01:10:57.344Z","rejected":true,"reason":"only SELECT statements are allowed","sql":"SHOW TABLES"}
{"ts":"2026-08-07T01:11:01.798Z","rejected":true,"reason":"only SELECT statements are allowed","sql":"SHOW TABLES"}
{"ts":"2026-08-07T01:11:06.224Z","rejected":false,"sql":"SELECT table_name FROM information_schema.tables WHERE table_schema = 'public' ORDER BY table_name","rowCount":0}
{"ts":"2026-08-07T01:11:10.098Z","rejected":false,"sql":"SELECT table_schema, table_name FROM information_schema.tables WHERE table_type='BASE TABLE' ORDER BY table_schema, table_name","rowCount":58}
{"ts":"2026-08-07T01:11:15.412Z","rejected":false,"sql":"SELECT table_name, column_name, data_type, is_nullable, column_key FROM information_schema.columns WHERE table_schema='vivera_crm' AND table_name IN ('patients','deals','whatsapp_conversations','whatsapp_messages','activities','patient_labels') ORDER BY table_name, ordinal_position","rowCount":134}
{"ts":"2026-08-07T01:11:23.352Z","rejected":false,"sql":"SELECT table_name, column_name, data_type FROM information_schema.columns WHERE table_schema='vivera_crm' AND column_name LIKE '%patient%' ORDER BY table_name","rowCount":14}
{"ts":"2026-08-07T01:11:32.036Z","rejected":false,"sql":"SELECT COUNT(*) as total_patients, COUNT(DISTINCT phone) as distinct_phone_raw FROM patients","rowCount":1}
{"ts":"2026-08-07T01:11:33.573Z","rejected":false,"sql":"SELECT id, name, phone, LENGTH(phone) as len FROM patients ORDER BY id LIMIT 30","rowCount":30}
{"ts":"2026-08-07T01:11:55.116Z","rejected":false,"sql":"SELECT LENGTH(REGEXP_REPLACE(phone,'[^0-9]','')) as digit_len, COUNT(*) as cnt FROM patients GROUP BY digit_len ORDER BY digit_len","rowCount":13}
{"ts":"2026-08-07T01:12:16.463Z","rejected":false,"sql":"WITH d AS (\n  SELECT id, name, phone,\n    REGEXP_REPLACE(phone,'[^0-9]','') AS digits\n  FROM patients\n  WHERE phone IS NOT NULL AND phone <> ''\n),\nc AS (\n  SELECT id, name, phone, digits,\n    CASE WHEN LENGTH(digits) IN (12,13) AND LEFT(digits,2)='55' THEN SUBSTRING(digits,3)\n         ELSE digits END AS core\n  FROM d\n),\nk AS (\n  SELECT id, name, phone, digits, core,\n    CASE WHEN LENGTH(core) IN (10,11) THEN CONCAT(LEFT(core,2), RIGHT(core,8))\n         WHEN LENGTH(core) IN (8,9) THEN CONCAT('NODDD_', RIGHT(core,8))\n         ELSE CONCAT('WEIRD_', core) END AS match_key\n  FROM c\n)\nSELECT match_key, COUNT(*) as cnt, GROUP_CONCAT(id ORDER BY id) as ids\nFROM k\nGROUP BY match_key\nHAVING cnt > 1\nORDER BY cnt DESC\nLIMIT 200","rowCount":200}
{"ts":"2026-08-07T01:14:51.591Z","rejected":false,"sql":"SELECT id, name, role FROM users LIMIT 5","rowCount":5}
{"ts":"2026-08-07T01:17:33.499Z","rejected":false,"sql":"WITH d AS (\n  SELECT id, name, phone, REGEXP_REPLACE(phone,'[^0-9]','') AS digits\n  FROM patients WHERE phone IS NOT NULL AND phone <> ''\n),\nc AS (\n  SELECT id, name, phone, digits,\n    CASE WHEN LENGTH(digits) IN (12,13) AND LEFT(digits,2)='55' THEN SUBSTRING(digits,3)\n         ELSE digits END AS core\n  FROM d\n),\nk AS (\n  SELECT id, name, phone, digits, core,\n    CASE WHEN LENGTH(core) IN (10,11) THEN CONCAT(LEFT(core,2), RIGHT(core,8))\n         WHEN LENGTH(core) IN (8,9) THEN CONCAT('NODDD_', RIGHT(core,8))\n         ELSE CONCAT('WEIRD_', core) END AS match_key\n  FROM c\n),\ng AS (\n  SELECT match_key, COUNT(*) cnt FROM k GROUP BY match_key HAVING cnt>1\n)\nSELECT\n  SUM(CASE WHEN cnt=2 AND match_key NOT LIKE 'WEIRD_%' AND match_key NOT LIKE 'NODDD_%' THEN 1 ELSE 0 END) AS pares_padrao,\n  SUM(CASE WHEN cnt>2 AND match_key NOT LIKE 'WEIRD_%' AND match_key NOT LIKE 'NODDD_%' THEN 1 ELSE 0 END) AS grupos_3mais,\n  SUM(CASE WHEN match_key LIKE 'NODDD_%' THEN 1 ELSE 0 END) AS grupos_sem_ddd,\n  SUM(CASE WHEN match_key LIKE 'WEIRD_%' THEN 1 ELSE 0 END) AS grupos_formato_estranho,\n  COUNT(*) AS total_grupos,\n  (SELECT COUNT(*) FROM k WHERE match_key IN (SELECT match_key FROM g)) AS total_pacientes_envolvidos\nFROM g","rowCount":1}
{"ts":"2026-08-07T01:17:46.031Z","rejected":false,"sql":"WITH d AS (\n  SELECT id, name, phone, REGEXP_REPLACE(phone,'[^0-9]','') AS digits\n  FROM patients WHERE phone IS NOT NULL AND phone <> ''\n),\nc AS (\n  SELECT id, name, phone, digits,\n    CASE WHEN LENGTH(digits) IN (12,13) AND LEFT(digits,2)='55' THEN SUBSTRING(digits,3)\n         ELSE digits END AS core\n  FROM d\n),\nk AS (\n  SELECT id, name, phone, digits, core,\n    CASE WHEN LENGTH(core) IN (10,11) THEN CONCAT(LEFT(core,2), RIGHT(core,8))\n         WHEN LENGTH(core) IN (8,9) THEN CONCAT('NODDD_', RIGHT(core,8))\n         ELSE CONCAT('WEIRD_', core) END AS match_key\n  FROM c\n)\nSELECT match_key, COUNT(*) cnt, GROUP_CONCAT(id ORDER BY id SEPARATOR '|') ids\nFROM k GROUP BY match_key HAVING cnt>2 ORDER BY cnt DESC","rowCount":25}
{"ts":"2026-08-07T01:17:54.453Z","rejected":false,"sql":"WITH d AS (\n  SELECT id, name, phone, REGEXP_REPLACE(phone,'[^0-9]','') AS digits\n  FROM patients WHERE phone IS NOT NULL AND phone <> ''\n),\nc AS (\n  SELECT id, name, phone, digits,\n    CASE WHEN LENGTH(digits) IN (12,13) AND LEFT(digits,2)='55' THEN SUBSTRING(digits,3)\n         ELSE digits END AS core\n  FROM d\n),\nk AS (\n  SELECT id, name, phone, digits, core,\n    CASE WHEN LENGTH(core) IN (10,11) THEN CONCAT(LEFT(core,2), RIGHT(core,8))\n         WHEN LENGTH(core) IN (8,9) THEN CONCAT('NODDD_', RIGHT(core,8))\n         ELSE CONCAT('WEIRD_', core) END AS match_key\n  FROM c\n)\nSELECT match_key, GROUP_CONCAT(id ORDER BY id SEPARATOR '|') ids\nFROM k GROUP BY match_key HAVING COUNT(*)=2 ORDER BY match_key","rowCount":263}
{"ts":"2026-08-07T01:18:19.006Z","rejected":false,"sql":"WITH d AS (\n  SELECT id, name, phone, REGEXP_REPLACE(phone,'[^0-9]','') AS digits\n  FROM patients WHERE phone IS NOT NULL AND phone <> ''\n),\nc AS (\n  SELECT id, name, phone, digits,\n    CASE WHEN LENGTH(digits) IN (12,13) AND LEFT(digits,2)='55' THEN SUBSTRING(digits,3)\n         ELSE digits END AS core\n  FROM d\n),\nk AS (\n  SELECT id, name, phone, digits, core,\n    CASE WHEN LENGTH(core) IN (10,11) THEN CONCAT(LEFT(core,2), RIGHT(core,8))\n         WHEN LENGTH(core) IN (8,9) THEN CONCAT('NODDD_', RIGHT(core,8))\n         ELSE CONCAT('WEIRD_', core) END AS match_key\n  FROM c\n),\ng AS (\n  SELECT match_key, COUNT(*) cnt FROM k GROUP BY match_key HAVING cnt>1\n)\nSELECT p.id, k.match_key, g.cnt, p.name, p.phone, p.email, p.cpf, p.birth_date,\n  p.ltv, p.cashback_balance, p.created_at, p.updated_at,\n  (SELECT COUNT(*) FROM deals de WHERE de.patient_id=p.id) as n_deals,\n  (SELECT COUNT(*) FROM whatsapp_conversations wc WHERE wc.patient_id=p.id) as n_wa_conv,\n  (SELECT COUNT(*) FROM activities ac WHERE ac.patient_id=p.id) as n_activities,\n  (SELECT COUNT(*) FROM patient_labels pl WHERE pl.patient_id=p.id) as n_labels\nFROM k\nJOIN g ON g.match_key=k.match_key\nJOIN patients p ON p.id=k.id\nORDER BY k.match_key, p.id\nLIMIT 500","rowCount":500}
{"ts":"2026-08-07T01:19:04.471Z","rejected":false,"sql":"SELECT table_name, index_name, non_unique, column_name, seq_in_index FROM information_schema.statistics WHERE table_schema='vivera_crm' AND table_name IN ('patients','whatsapp_conversations','deals') ORDER BY table_name, index_name, seq_in_index","rowCount":20}
{"ts":"2026-08-07T01:34:06.879Z","rejected":false,"sql":"SELECT source, COUNT(*) FROM tintim_leads_raw GROUP BY source ORDER BY 2 DESC LIMIT 20","rowCount":1}
{"ts":"2026-08-07T01:40:48.664Z","rejected":true,"reason":"only SELECT statements are allowed","sql":"SHOW TABLES"}
{"ts":"2026-08-07T01:40:51.619Z","rejected":true,"reason":"only SELECT statements are allowed","sql":"SHOW COLUMNS FROM deals"}
{"ts":"2026-08-07T01:40:55.039Z","rejected":false,"sql":"SELECT * FROM information_schema.columns WHERE table_schema = DATABASE() AND table_name = 'deals'","rowCount":63}
{"ts":"2026-08-07T01:41:01.668Z","rejected":false,"sql":"SELECT id, title, owner_name, sdr_user_id, closer_user_id, pipeline_id, value, status, won_date, add_date, created_at FROM deals WHERE owner_name LIKE '%Helenice%' AND status='won' AND (DATE(won_date) = '2026-08-06' OR DATE(add_date) = '2026-08-06' OR DATE(created_at) = '2026-08-06' OR (won_date >= '2026-08-05 21:00:00' AND won_date < '2026-08-07 00:00:00')) ORDER BY won_date DESC","rowCount":2}
{"ts":"2026-08-07T01:41:11.306Z","rejected":false,"sql":"SELECT id, name FROM pipelines","rowCount":7}
{"ts":"2026-08-07T01:41:16.045Z","rejected":false,"sql":"SELECT id, title, owner_name, sdr_user_id, closer_user_id, pipeline_id, value, status, won_date, add_date FROM deals WHERE pipeline_id=1 AND status='won' AND won_date >= '2026-08-05 21:00:00' AND won_date < '2026-08-07 03:00:00' ORDER BY won_date DESC","rowCount":0}
{"ts":"2026-08-07T01:41:20.189Z","rejected":false,"sql":"SELECT id, title, owner_name, sdr_user_id, closer_user_id, pipeline_id, value, status, won_date, add_date FROM deals WHERE pipeline_id=1 AND status='won' AND DATE(won_date) = '2026-08-06' ORDER BY won_date DESC","rowCount":0}
{"ts":"2026-08-07T01:41:26.644Z","rejected":false,"sql":"SELECT id, title, owner_name, sdr_user_id, closer_user_id, pipeline_id, value, status, won_date, add_date FROM deals WHERE owner_name LIKE '%Helenice%' AND status='won' AND (DATE(won_date) = '2026-08-06') ORDER BY won_date DESC","rowCount":2}
{"ts":"2026-08-07T01:42:01.359Z","rejected":false,"sql":"SELECT table_name FROM information_schema.tables WHERE table_schema = DATABASE() ORDER BY table_name","rowCount":56}
{"ts":"2026-08-07T01:42:09.465Z","rejected":false,"sql":"SELECT * FROM users WHERE id=2 OR name LIKE '%Helenice%'","rowCount":1}
{"ts":"2026-08-07T01:42:10.694Z","rejected":false,"sql":"SELECT * FROM stage_group_map LIMIT 50","rowCount":35}
{"ts":"2026-08-07T01:42:24.289Z","rejected":false,"sql":"SELECT * FROM information_schema.columns WHERE table_schema=DATABASE() AND table_name='pipelines'","rowCount":6}
{"ts":"2026-08-07T01:42:26.805Z","rejected":false,"sql":"SELECT * FROM sdr_insight_cache ORDER BY id DESC LIMIT 5","rowCount":5}
{"ts":"2026-08-07T01:44:27.857Z","rejected":false,"sql":"SELECT id, title, owner_name, LENGTH(owner_name) AS len_name, sdr_user_id, value, pipeline_id, won_date, add_date, DATE(won_date) AS won_day, DATE(add_date) AS add_day FROM deals WHERE status='won' AND DATE(won_date) = '2026-08-06' ORDER BY owner_name, won_date","rowCount":3}
{"ts":"2026-08-07T01:44:48.446Z","rejected":false,"sql":"SELECT id, title, owner_name, sdr_user_id, pipeline_id, stage_id, value, status, won_date, add_date, created_at, updated_at FROM deals WHERE id IN (5236,5492)","rowCount":2}
{"ts":"2026-08-07T01:45:06.579Z","rejected":false,"sql":"SELECT * FROM information_schema.columns WHERE table_schema=DATABASE() AND table_name='deal_history'","rowCount":6}
{"ts":"2026-08-07T01:45:11.521Z","rejected":false,"sql":"SELECT id, deal_id, event_type, description, created_by, created_at FROM deal_history WHERE deal_id IN (5236,5492) ORDER BY created_at DESC LIMIT 40","rowCount":5}
{"ts":"2026-08-07T01:45:22.780Z","rejected":false,"sql":"SELECT id, name, email, role FROM users WHERE id=6","rowCount":1}
{"ts":"2026-08-07T01:46:33.238Z","rejected":false,"sql":"SELECT id, title, procedure_name, origem, plataforma, campanha, conjunto, palavra_chave, criativo, status, add_date FROM deals WHERE campanha = 'seguidores_novos' AND origem = 'Instagram Orgânico' ORDER BY add_date DESC LIMIT 10","rowCount":8}
{"ts":"2026-08-07T01:46:49.379Z","rejected":false,"sql":"SELECT id, title, procedure_name, origem, plataforma, campanha, conjunto, palavra_chave, criativo, status, add_date FROM deals WHERE (palavra_chave LIKE '%paciente%' OR criativo LIKE '%paciente%') AND origem LIKE '%Instagram%' ORDER BY add_date DESC LIMIT 15","rowCount":0}
{"ts":"2026-08-07T01:46:55.436Z","rejected":false,"sql":"SELECT id, title, procedure_name, origem, plataforma, campanha, conjunto, palavra_chave, criativo, status, add_date FROM deals WHERE palavra_chave LIKE '%paciente%' OR criativo LIKE '%paciente%' ORDER BY add_date DESC LIMIT 15","rowCount":15}
{"ts":"2026-08-07T01:51:07.703Z","rejected":false,"sql":"SELECT id, title, procedure_name, origem, plataforma, campanha, conjunto, palavra_chave, criativo, ad_name, utm_term, status, add_date FROM deals WHERE add_date >= '2026-08-06' AND (origem LIKE '%Instagram%' OR procedure_name LIKE '%xojet%') ORDER BY add_date DESC LIMIT 15","rowCount":15}
{"ts":"2026-08-07T01:51:29.739Z","rejected":false,"sql":"SELECT column_name FROM information_schema.columns WHERE table_schema=database() AND table_name='tintim_webhook_log'","rowCount":6}
{"ts":"2026-08-07T01:51:38.369Z","rejected":false,"sql":"SELECT id, deal_id, phone, event_type, received_at, LEFT(raw_payload,500) as payload_preview FROM tintim_webhook_log WHERE deal_id IN (5492,5484,5346,5236,5219,5189,3144,2819) ORDER BY deal_id, received_at LIMIT 40","rowCount":40}
{"ts":"2026-08-07T01:51:50.170Z","rejected":false,"sql":"SELECT id, deal_id, phone, event_type, received_at FROM tintim_webhook_log WHERE raw_payload LIKE '%paciente%' ORDER BY received_at DESC LIMIT 20","rowCount":20}
{"ts":"2026-08-07T01:52:00.303Z","rejected":false,"sql":"SELECT id, title, procedure_name, origem, plataforma, campanha, conjunto, palavra_chave, criativo, ad_name, utm_term, status, add_date FROM deals WHERE id = 5190","rowCount":1}
{"ts":"2026-08-07T01:52:10.075Z","rejected":false,"sql":"SELECT raw_payload FROM tintim_webhook_log WHERE id = 11097","rowCount":1}
{"ts":"2026-08-07T01:52:40.512Z","rejected":false,"sql":"SELECT pipeline_id, status, COUNT(*) AS n, MIN(won_date) AS min_won, MAX(won_date) AS max_won FROM deals WHERE status='won' AND won_date >= '2026-07-01' GROUP BY pipeline_id, status ORDER BY pipeline_id","rowCount":3}
{"ts":"2026-08-07T01:52:49.784Z","rejected":false,"sql":"SELECT owner_name, pipeline_id, COUNT(*) AS n, SUM(value) AS total FROM deals WHERE status='won' AND won_date >= '2026-07-01' GROUP BY owner_name, pipeline_id ORDER BY owner_name, pipeline_id","rowCount":9}
{"ts":"2026-08-07T01:53:25.025Z","rejected":false,"sql":"SELECT * FROM information_schema.columns WHERE table_schema=DATABASE() AND table_name='stages'","rowCount":9}
{"ts":"2026-08-07T01:53:32.240Z","rejected":false,"sql":"SELECT id, pipeline_id, skey, label, sort FROM stages WHERE pipeline_id IN (1,2) ORDER BY pipeline_id, sort","rowCount":22}
{"ts":"2026-08-07T01:53:57.943Z","rejected":false,"sql":"SELECT id, stage_id, pipeline_id, stage_entered_at, reopened_lost_lead, reopened_from_deal_id, duplicate_alert, sync_status, tintim_sale_synced_at FROM deals WHERE id IN (5236,5492)","rowCount":2}
{"ts":"2026-08-07T01:56:21.448Z","rejected":false,"sql":"SELECT d.id, d.owner_name, d.status, d.pipeline_id AS deal_pipeline, s.pipeline_id AS stage_true_pipeline, d.stage_id, d.won_date, d.value FROM deals d JOIN stages s ON s.id = d.stage_id WHERE d.pipeline_id <> s.pipeline_id ORDER BY d.won_date DESC LIMIT 50","rowCount":1}
{"ts":"2026-08-07T01:56:30.285Z","rejected":false,"sql":"SELECT id, deal_id, event_type, description, created_by, created_at FROM deal_history WHERE deal_id=3090 ORDER BY created_at","rowCount":0}
{"ts":"2026-08-07T01:58:39.108Z","rejected":false,"sql":"SELECT d3.owner_name AS ownerName, COUNT(d3.id) AS vendas, COALESCE(SUM(d3.value),0) AS receita\nFROM deals d3\nWHERE d3.stage_id IN (SELECT id FROM stages WHERE pipeline_id = 1)\n  AND d3.status = 'won'\n  AND d3.won_date >= '2026-08-06 00:00:00' AND d3.won_date < '2026-08-07 00:00:00'\n  AND (d3.tags IS NULL OR d3.tags NOT LIKE '%teste_allowlist%')\nGROUP BY d3.owner_name","rowCount":1}
{"ts":"2026-08-07T01:58:48.481Z","rejected":false,"sql":"SELECT\n (SELECT COUNT(*) FROM deals d WHERE d.pipeline_id=1 AND d.status='won' AND d.won_date>='2026-07-01') AS old_count,\n (SELECT COALESCE(SUM(value),0) FROM deals d WHERE d.pipeline_id=1 AND d.status='won' AND d.won_date>='2026-07-01') AS old_sum,\n (SELECT COUNT(*) FROM deals d WHERE d.stage_id IN (SELECT id FROM stages WHERE pipeline_id=1) AND d.status='won' AND d.won_date>='2026-07-01') AS new_count,\n (SELECT COALESCE(SUM(value),0) FROM deals d WHERE d.stage_id IN (SELECT id FROM stages WHERE pipeline_id=1) AND d.status='won' AND d.won_date>='2026-07-01') AS new_sum","rowCount":1}
{"ts":"2026-08-07T02:02:13.317Z","rejected":false,"sql":"SELECT id, title, origem, plataforma, campanha, tintim_source_raw, utm_source, ad_campaign_name, ad_adset_name, ad_name, status, won_date, value FROM deals WHERE id IN (5492, 5236)","rowCount":2}
{"ts":"2026-08-07T02:19:48.849Z","rejected":false,"sql":"SELECT d.id, d.title, d.procedure_name, d.origem, d.plataforma, d.campanha, d.conjunto, d.criativo, d.palavra_chave, d.add_date, p.phone\nFROM deals d LEFT JOIN patients p ON p.id = d.patient_id\nWHERE d.procedure_name LIKE '%xojet%' OR d.title LIKE '%xojet%'\nORDER BY d.add_date DESC\nLIMIT 50","rowCount":50}
{"ts":"2026-08-07T02:20:01.091Z","rejected":false,"sql":"SELECT d.id, d.title, d.procedure_name, d.origem, d.plataforma, d.campanha, d.conjunto, d.criativo, d.palavra_chave, d.add_date, p.phone\nFROM deals d LEFT JOIN patients p ON p.id = d.patient_id\nWHERE d.origem = 'Instagram Orgânico'\nORDER BY d.add_date DESC\nLIMIT 60","rowCount":14}
{"ts":"2026-08-07T02:20:21.602Z","rejected":false,"sql":"SELECT deal_id, event_type, received_at, raw_payload\nFROM tintim_webhook_log\nWHERE deal_id IN (5189, 3144, 2819)\nORDER BY received_at DESC\nLIMIT 30","rowCount":30}
{"ts":"2026-08-07T02:20:41.933Z","rejected":false,"sql":"SELECT d.id, d.title, d.procedure_name, d.origem, d.plataforma, d.campanha, d.conjunto, d.criativo, d.palavra_chave, d.add_date, p.phone\nFROM deals d LEFT JOIN patients p ON p.id = d.patient_id\nWHERE d.palavra_chave LIKE '%paciente%' AND d.procedure_name LIKE '%xojet%'\nORDER BY d.add_date DESC\nLIMIT 30","rowCount":1}
{"ts":"2026-08-07T02:20:54.512Z","rejected":false,"sql":"SELECT id, deal_id, phone, event_type, received_at\nFROM tintim_webhook_log\nWHERE raw_payload LIKE '%GHK%' OR raw_payload LIKE '%ghk%'\nORDER BY received_at DESC\nLIMIT 30","rowCount":30}
{"ts":"2026-08-07T02:21:24.931Z","rejected":false,"sql":"SELECT d.id, d.title, d.procedure_name, d.origem, d.plataforma, d.campanha, d.conjunto, d.criativo, d.palavra_chave, d.add_date, d.status, p.phone\nFROM deals d LEFT JOIN patients p ON p.id = d.patient_id\nWHERE d.conjunto LIKE '%video_boas_vindas%' OR d.campanha = 'seguidores_novos'\nORDER BY d.add_date DESC\nLIMIT 60","rowCount":10}
{"ts":"2026-08-07T02:25:40.496Z","rejected":false,"sql":"SELECT * FROM origem_options LIMIT 30","rowCount":10}
{"ts":"2026-08-07T02:47:36.684Z","rejected":false,"sql":"SELECT DISTINCT origem \nFROM deals \nWHERE origem IS NOT NULL\nORDER BY origem","rowCount":16}
{"ts":"2026-08-07T02:47:41.425Z","rejected":false,"sql":"SELECT \n  COUNT(*) as total_leads,\n  origem\nFROM deals\nWHERE origem = 'WhatsApp Bot'\nGROUP BY origem","rowCount":1}
{"ts":"2026-08-07T02:47:46.454Z","rejected":false,"sql":"SELECT \n  COUNT(*) as total,\n  campanha,\n  conjunto\nFROM deals\nWHERE campanha LIKE '%manychat%' \n  OR campanha LIKE '%Manychat%'\n  OR conjunto LIKE '%manychat%'\n  OR conjunto LIKE '%Manychat%'\nGROUP BY campanha, conjunto","rowCount":0}
{"ts":"2026-08-07T02:47:51.578Z","rejected":false,"sql":"SELECT \n  id,\n  title,\n  origem,\n  campanha,\n  ad_campaign_name,\n  tintim_source_raw,\n  created_at\nFROM deals\nWHERE ad_campaign_name LIKE '%manychat%'\n  OR ad_campaign_name LIKE '%Manychat%'\n  OR tintim_source_raw LIKE '%manychat%'\nLIMIT 10","rowCount":0}
{"ts":"2026-08-07T02:47:59.523Z","rejected":false,"sql":"SELECT \n  COUNT(*) as total,\n  DATE(d.created_at) as data,\n  d.stage_id,\n  CASE \n    WHEN d.status = 'won' THEN 'Ganho'\n    WHEN d.status = 'lost' THEN 'Perdido'\n    ELSE d.status\n  END as status_deal\nFROM deals d\nWHERE d.origem = 'WhatsApp Bot'\nGROUP BY DATE(d.created_at), d.stage_id, d.status\nORDER BY data DESC","rowCount":7}
{"ts":"2026-08-07T02:48:58.287Z","rejected":false,"sql":"SELECT DISTINCT palavra_chave\nFROM deals\nWHERE palavra_chave IS NOT NULL \n  AND palavra_chave != ''\nORDER BY palavra_chave","rowCount":65}
{"ts":"2026-08-07T02:49:05.405Z","rejected":false,"sql":"SELECT \n  COUNT(*) as total_leads,\n  CASE \n    WHEN d.status = 'won' THEN 'Ganho ✅'\n    WHEN d.status = 'lost' THEN 'Perdido ❌'\n    ELSE 'Em aberto'\n  END as status\nFROM deals d\nWHERE d.palavra_chave = 'fluxo_msg_manychat'\nGROUP BY d.status","rowCount":2}
{"ts":"2026-08-07T02:49:10.334Z","rejected":false,"sql":"SELECT \n  d.id,\n  d.title,\n  d.created_at,\n  d.status,\n  d.stage_id,\n  d.value,\n  d.procedure_name,\n  d.owner_name,\n  d.loss_reason\nFROM deals d\nWHERE d.palavra_chave = 'fluxo_msg_manychat'\nORDER BY d.created_at DESC","rowCount":4}
{"ts":"2026-08-07T02:51:24.532Z","rejected":false,"sql":"SELECT \n  d.id,\n  d.title,\n  d.won_date,\n  d.value,\n  d.palavra_chave,\n  d.origem,\n  d.campanha,\n  d.conjunto,\n  d.ad_campaign_name,\n  d.tintim_source_raw\nFROM deals d\nWHERE d.id IN (5236, 5492)","rowCount":2}
{"ts":"2026-08-07T02:51:31.968Z","rejected":false,"sql":"SELECT \n  COUNT(*) as total,\n  CASE \n    WHEN d.status = 'won' THEN 'Ganho ✅'\n    WHEN d.status = 'lost' THEN 'Perdido ❌'\n    ELSE 'Em aberto'\n  END as status\nFROM deals d\nWHERE d.conjunto = 'video_boas_vindas_dr_diego'\nGROUP BY d.status","rowCount":3}
{"ts":"2026-08-07T02:51:36.680Z","rejected":false,"sql":"SELECT \n  d.id,\n  d.title,\n  d.won_date,\n  d.value,\n  d.created_at,\n  d.status,\n  d.stage_id,\n  d.procedure_name,\n  d.owner_name\nFROM deals d\nWHERE d.conjunto = 'video_boas_vindas_dr_diego'\nORDER BY d.won_date DESC, d.created_at DESC","rowCount":10}
{"ts":"2026-08-07T15:44:47.945Z","rejected":true,"reason":"only SELECT statements are allowed","sql":"SHOW TABLES"}
{"ts":"2026-08-07T15:44:50.754Z","rejected":false,"sql":"SELECT table_name FROM information_schema.tables WHERE table_schema = 'vivera_crm' LIMIT 50","rowCount":50}
{"ts":"2026-08-07T15:44:54.149Z","rejected":false,"sql":"SELECT * FROM deals LIMIT 5","rowCount":5}
{"ts":"2026-08-07T15:44:59.347Z","rejected":false,"sql":"SELECT table_name FROM information_schema.tables WHERE table_schema = 'vivera_crm' AND table_name LIKE '%meta%' OR table_name LIKE '%goal%' OR table_name LIKE '%target%'","rowCount":2}
{"ts":"2026-08-07T15:45:02.268Z","rejected":false,"sql":"SELECT * FROM diretoria_metas LIMIT 10","rowCount":10}
{"ts":"2026-08-07T15:45:07.328Z","rejected":false,"sql":"SELECT table_name FROM information_schema.tables WHERE table_schema = 'vivera_crm' AND (table_name LIKE '%realizado%' OR table_name LIKE '%achieved%' OR table_name LIKE '%resultado%' OR table_name LIKE '%performance%')","rowCount":0}
{"ts":"2026-08-07T15:45:10.705Z","rejected":false,"sql":"SELECT column_name, data_type FROM information_schema.columns WHERE table_schema = 'vivera_crm' AND table_name = 'diretoria_metas'","rowCount":4}
{"ts":"2026-08-07T15:45:13.670Z","rejected":false,"sql":"SELECT table_name FROM information_schema.tables WHERE table_schema = 'vivera_crm' AND table_name LIKE '%diretoria%'","rowCount":1}
{"ts":"2026-08-07T15:45:17.379Z","rejected":false,"sql":"SELECT table_name FROM information_schema.tables WHERE table_schema = 'vivera_crm' AND (table_name LIKE '%receita%' OR table_name LIKE '%revenue%' OR table_name LIKE '%faturamento%' OR table_name LIKE '%sales%')","rowCount":0}
{"ts":"2026-08-07T15:45:21.428Z","rejected":false,"sql":"SELECT table_name FROM information_schema.tables WHERE table_schema = 'vivera_crm' ORDER BY table_name","rowCount":58}
{"ts":"2026-08-07T15:45:27.608Z","rejected":false,"sql":"SELECT * FROM sdr_insight_cache LIMIT 5","rowCount":5}
{"ts":"2026-08-07T15:45:31.928Z","rejected":false,"sql":"SELECT DISTINCT indicador_key FROM diretoria_metas","rowCount":17}
{"ts":"2026-08-07T15:45:35.523Z","rejected":false,"sql":"SELECT column_name, data_type FROM information_schema.columns WHERE table_schema = 'vivera_crm' AND table_name LIKE 'diretoria%'","rowCount":4}
{"ts":"2026-08-07T15:45:42.176Z","rejected":false,"sql":"SELECT table_name FROM information_schema.tables WHERE table_schema = 'vivera_crm' AND (table_name LIKE '%diretoria%' OR table_name LIKE '%kpi%' OR table_name LIKE '%metrics%' OR table_name LIKE '%indicador%')","rowCount":1}
{"ts":"2026-08-07T15:45:45.907Z","rejected":false,"sql":"SELECT * FROM diretoria_metas ORDER BY periodo_key DESC LIMIT 20","rowCount":20}
{"ts":"2026-08-07T15:45:50.311Z","rejected":false,"sql":"SELECT * FROM procedures LIMIT 5","rowCount":5}
{"ts":"2026-08-07T15:45:54.160Z","rejected":false,"sql":"SELECT column_name FROM information_schema.columns WHERE table_schema = 'vivera_crm' AND (column_name LIKE '%realizado%' OR column_name LIKE '%achieved%' OR column_name LIKE '%actual%' OR column_name LIKE '%result%')","rowCount":2}
{"ts":"2026-08-07T15:45:57.046Z","rejected":false,"sql":"SELECT table_name, column_name FROM information_schema.columns WHERE table_schema = 'vivera_crm' AND column_name = 'procedimentos_realizados'","rowCount":2}
{"ts":"2026-08-07T15:46:02.744Z","rejected":true,"reason":"only SELECT statements are allowed","sql":"SHOW TABLES LIKE '%diretoria%'"}
{"ts":"2026-08-07T15:46:08.999Z","rejected":false,"sql":"SELECT table_name FROM information_schema.tables WHERE table_schema = 'vivera_crm' AND (table_name LIKE 'dir%' OR table_name LIKE '%meta%' OR table_name LIKE '%achieved%' OR table_name LIKE '%realizado%')","rowCount":2}
