[ALERT 2026-07-29T16:15:01.557Z] Bot WhatsApp Vivera com status "qr_pending" ha 18 min (> 15min). Verifique pm2 (vivera-whatsapp-bot) e os logs.
[ALERT 2026-07-29T17:15:02.026Z] Bot WhatsApp Vivera AINDA com status "qr_pending" ha 78 min. Segue desconectado (alerta repetido).
[ALERT 2026-07-31T13:40:01.829Z] Bot WhatsApp Vivera com status "disconnected" ha 20 min (> 15min). Verifique pm2 (vivera-whatsapp-bot) e os logs.
[ALERT 2026-07-31T14:45:01.574Z] Bot WhatsApp Vivera AINDA com status "disconnected" ha 85 min. Segue desconectado (alerta repetido).
[ALERT 2026-07-31T15:45:01.947Z] Bot WhatsApp Vivera AINDA com status "disconnected" ha 145 min. Segue desconectado (alerta repetido).
[ALERT 2026-07-31T16:50:01.518Z] Bot WhatsApp Vivera AINDA com status "disconnected" ha 210 min. Segue desconectado (alerta repetido).
[ALERT 2026-07-31T17:50:01.526Z] Bot WhatsApp Vivera AINDA com status "disconnected" ha 270 min. Segue desconectado (alerta repetido).
[ALERT 2026-07-31T18:55:01.505Z] Bot WhatsApp Vivera AINDA com status "disconnected" ha 335 min. Segue desconectado (alerta repetido).
[ALERT 2026-07-31T20:00:01.592Z] Bot WhatsApp Vivera AINDA com status "disconnected" ha 400 min. Segue desconectado (alerta repetido).
[ALERT 2026-07-31T21:00:01.914Z] Bot WhatsApp Vivera AINDA com status "disconnected" ha 460 min. Segue desconectado (alerta repetido).
[ALERT 2026-07-31T22:00:02.048Z] Bot WhatsApp Vivera AINDA com status "disconnected" ha 520 min. Segue desconectado (alerta repetido).
[ALERT 2026-07-31T23:05:01.662Z] Bot WhatsApp Vivera AINDA com status "disconnected" ha 585 min. Segue desconectado (alerta repetido).
[ALERT 2026-08-01T00:10:01.867Z] Bot WhatsApp Vivera AINDA com status "disconnected" ha 650 min. Segue desconectado (alerta repetido).
[ALERT 2026-08-01T01:15:01.676Z] Bot WhatsApp Vivera AINDA com status "disconnected" ha 715 min. Segue desconectado (alerta repetido).
[ALERT 2026-08-01T02:15:02.161Z] Bot WhatsApp Vivera AINDA com status "disconnected" ha 775 min. Segue desconectado (alerta repetido).
[ALERT 2026-08-01T03:20:01.847Z] Bot WhatsApp Vivera AINDA com status "disconnected" ha 840 min. Segue desconectado (alerta repetido).
[ALERT 2026-08-01T04:20:02.156Z] Bot WhatsApp Vivera AINDA com status "disconnected" ha 900 min. Segue desconectado (alerta repetido).
[ALERT 2026-08-01T05:25:01.903Z] Bot WhatsApp Vivera AINDA com status "disconnected" ha 965 min. Segue desconectado (alerta repetido).
[ALERT 2026-08-01T06:30:01.579Z] Bot WhatsApp Vivera AINDA com status "disconnected" ha 1030 min. Segue desconectado (alerta repetido).
[ALERT 2026-08-01T07:30:01.603Z] Bot WhatsApp Vivera AINDA com status "disconnected" ha 1090 min. Segue desconectado (alerta repetido).
[ALERT 2026-08-01T08:30:01.866Z] Bot WhatsApp Vivera AINDA com status "disconnected" ha 1150 min. Segue desconectado (alerta repetido).
[ALERT 2026-08-01T09:30:02.126Z] Bot WhatsApp Vivera AINDA com status "disconnected" ha 1210 min. Segue desconectado (alerta repetido).
[ALERT 2026-08-01T10:35:01.460Z] Bot WhatsApp Vivera AINDA com status "disconnected" ha 1275 min. Segue desconectado (alerta repetido).
[ALERT 2026-08-01T11:35:01.699Z] Bot WhatsApp Vivera AINDA com status "disconnected" ha 1335 min. Segue desconectado (alerta repetido).
[ALERT 2026-08-01T12:35:01.960Z] Bot WhatsApp Vivera AINDA com status "disconnected" ha 1395 min. Segue desconectado (alerta repetido).
[ALERT 2026-08-01T13:40:01.703Z] Bot WhatsApp Vivera AINDA com status "disconnected" ha 1460 min. Segue desconectado (alerta repetido).
[ALERT 2026-08-01T14:40:01.841Z] Bot WhatsApp Vivera AINDA com status "disconnected" ha 1520 min. Segue desconectado (alerta repetido).
[ALERT 2026-08-01T15:45:01.639Z] Bot WhatsApp Vivera AINDA com status "disconnected" ha 1585 min. Segue desconectado (alerta repetido).
[ALERT 2026-08-01T16:45:02.007Z] Bot WhatsApp Vivera AINDA com status "disconnected" ha 1645 min. Segue desconectado (alerta repetido).
[ALERT 2026-08-01T17:50:01.514Z] Bot WhatsApp Vivera AINDA com status "disconnected" ha 1710 min. Segue desconectado (alerta repetido).
[ALERT 2026-08-01T18:50:01.888Z] Bot WhatsApp Vivera AINDA com status "disconnected" ha 1770 min. Segue desconectado (alerta repetido).
[ALERT 2026-08-01T19:55:01.357Z] Bot WhatsApp Vivera AINDA com status "disconnected" ha 1835 min. Segue desconectado (alerta repetido).
[ALERT 2026-08-01T20:55:01.562Z] Bot WhatsApp Vivera AINDA com status "disconnected" ha 1895 min. Segue desconectado (alerta repetido).
[ALERT 2026-08-01T21:55:01.930Z] Bot WhatsApp Vivera AINDA com status "disconnected" ha 1955 min. Segue desconectado (alerta repetido).
[ALERT 2026-08-01T22:55:02.074Z] Bot WhatsApp Vivera AINDA com status "disconnected" ha 2015 min. Segue desconectado (alerta repetido).
[ALERT 2026-08-02T00:00:03.447Z] Bot WhatsApp Vivera AINDA com status "disconnected" ha 2080 min. Segue desconectado (alerta repetido).
[ALERT 2026-08-02T01:05:01.370Z] Bot WhatsApp Vivera AINDA com status "disconnected" ha 2145 min. Segue desconectado (alerta repetido).
[ALERT 2026-08-02T02:10:01.401Z] Bot WhatsApp Vivera AINDA com status "disconnected" ha 2210 min. Segue desconectado (alerta repetido).
[ALERT 2026-08-02T03:10:01.515Z] Bot WhatsApp Vivera AINDA com status "disconnected" ha 2270 min. Segue desconectado (alerta repetido).
[ALERT 2026-08-02T04:10:01.848Z] Bot WhatsApp Vivera AINDA com status "disconnected" ha 2330 min. Segue desconectado (alerta repetido).
[ALERT 2026-08-02T05:15:01.390Z] Bot WhatsApp Vivera AINDA com status "disconnected" ha 2395 min. Segue desconectado (alerta repetido).
[ALERT 2026-08-02T06:15:01.818Z] Bot WhatsApp Vivera AINDA com status "disconnected" ha 2455 min. Segue desconectado (alerta repetido).
[ALERT 2026-08-02T07:15:02.151Z] Bot WhatsApp Vivera AINDA com status "disconnected" ha 2515 min. Segue desconectado (alerta repetido).
[ALERT 2026-08-02T08:20:01.525Z] Bot WhatsApp Vivera AINDA com status "disconnected" ha 2580 min. Segue desconectado (alerta repetido).
[ALERT 2026-08-02T09:20:01.724Z] Bot WhatsApp Vivera AINDA com status "disconnected" ha 2640 min. Segue desconectado (alerta repetido).
[ALERT 2026-08-02T10:20:01.986Z] Bot WhatsApp Vivera AINDA com status "disconnected" ha 2700 min. Segue desconectado (alerta repetido).
[ALERT 2026-08-02T11:20:02.136Z] Bot WhatsApp Vivera AINDA com status "disconnected" ha 2760 min. Segue desconectado (alerta repetido).
[ALERT 2026-08-02T12:25:01.570Z] Bot WhatsApp Vivera AINDA com status "disconnected" ha 2825 min. Segue desconectado (alerta repetido).
[ALERT 2026-08-02T13:25:01.748Z] Bot WhatsApp Vivera AINDA com status "disconnected" ha 2885 min. Segue desconectado (alerta repetido).
[ALERT 2026-08-02T14:25:01.907Z] Bot WhatsApp Vivera AINDA com status "disconnected" ha 2945 min. Segue desconectado (alerta repetido).
[ALERT 2026-08-02T15:25:02.076Z] Bot WhatsApp Vivera AINDA com status "disconnected" ha 3005 min. Segue desconectado (alerta repetido).
[ALERT 2026-08-02T16:30:01.538Z] Bot WhatsApp Vivera AINDA com status "disconnected" ha 3070 min. Segue desconectado (alerta repetido).
[ALERT 2026-08-02T17:30:02.023Z] Bot WhatsApp Vivera AINDA com status "disconnected" ha 3130 min. Segue desconectado (alerta repetido).
[ALERT 2026-08-02T18:35:01.506Z] Bot WhatsApp Vivera AINDA com status "disconnected" ha 3195 min. Segue desconectado (alerta repetido).
[ALERT 2026-08-02T19:35:01.812Z] Bot WhatsApp Vivera AINDA com status "disconnected" ha 3255 min. Segue desconectado (alerta repetido).
[ALERT 2026-08-02T20:35:01.976Z] Bot WhatsApp Vivera AINDA com status "disconnected" ha 3315 min. Segue desconectado (alerta repetido).
[ALERT 2026-08-02T21:40:01.643Z] Bot WhatsApp Vivera AINDA com status "disconnected" ha 3380 min. Segue desconectado (alerta repetido).
[ALERT 2026-08-02T22:40:02.041Z] Bot WhatsApp Vivera AINDA com status "disconnected" ha 3440 min. Segue desconectado (alerta repetido).
[ALERT 2026-08-02T23:45:01.464Z] Bot WhatsApp Vivera AINDA com status "disconnected" ha 3505 min. Segue desconectado (alerta repetido).
[ALERT 2026-08-03T00:45:02.034Z] Bot WhatsApp Vivera AINDA com status "disconnected" ha 3565 min. Segue desconectado (alerta repetido).
[ALERT 2026-08-03T01:50:01.416Z] Bot WhatsApp Vivera AINDA com status "disconnected" ha 3630 min. Segue desconectado (alerta repetido).
[ALERT 2026-08-03T02:50:01.640Z] Bot WhatsApp Vivera AINDA com status "disconnected" ha 3690 min. Segue desconectado (alerta repetido).
[ALERT 2026-08-03T03:50:02.004Z] Bot WhatsApp Vivera AINDA com status "disconnected" ha 3750 min. Segue desconectado (alerta repetido).
[ALERT 2026-08-03T04:55:01.482Z] Bot WhatsApp Vivera AINDA com status "disconnected" ha 3815 min. Segue desconectado (alerta repetido).
[ALERT 2026-08-03T05:55:02.076Z] Bot WhatsApp Vivera AINDA com status "disconnected" ha 3875 min. Segue desconectado (alerta repetido).
[ALERT 2026-08-03T07:00:01.985Z] Bot WhatsApp Vivera AINDA com status "disconnected" ha 3940 min. Segue desconectado (alerta repetido).
[ALERT 2026-08-03T08:05:01.529Z] Bot WhatsApp Vivera AINDA com status "disconnected" ha 4005 min. Segue desconectado (alerta repetido).
[ALERT 2026-08-03T09:05:01.870Z] Bot WhatsApp Vivera AINDA com status "disconnected" ha 4065 min. Segue desconectado (alerta repetido).
[ALERT 2026-08-03T10:05:02.130Z] Bot WhatsApp Vivera AINDA com status "disconnected" ha 4125 min. Segue desconectado (alerta repetido).
[ALERT 2026-08-03T11:10:01.551Z] Bot WhatsApp Vivera AINDA com status "disconnected" ha 4190 min. Segue desconectado (alerta repetido).
[ALERT 2026-08-03T12:10:01.797Z] Bot WhatsApp Vivera AINDA com status "disconnected" ha 4250 min. Segue desconectado (alerta repetido).
[ALERT 2026-08-03T13:10:02.157Z] Bot WhatsApp Vivera AINDA com status "disconnected" ha 4310 min. Segue desconectado (alerta repetido).
[ALERT 2026-08-03T14:15:02.133Z] Bot WhatsApp Vivera AINDA com status "disconnected" ha 4375 min. Segue desconectado (alerta repetido).
[ALERT 2026-08-03T15:20:01.768Z] Bot WhatsApp Vivera AINDA com status "disconnected" ha 4440 min. Segue desconectado (alerta repetido).
[ALERT 2026-08-03T16:20:01.903Z] Bot WhatsApp Vivera AINDA com status "disconnected" ha 4500 min. Segue desconectado (alerta repetido).
[ALERT 2026-08-03T17:25:01.630Z] Bot WhatsApp Vivera AINDA com status "disconnected" ha 4565 min. Segue desconectado (alerta repetido).
[ALERT 2026-08-03T18:30:01.620Z] Bot WhatsApp Vivera AINDA com status "disconnected" ha 4630 min. Segue desconectado (alerta repetido).
[ALERT 2026-08-03T19:30:01.960Z] Bot WhatsApp Vivera AINDA com status "disconnected" ha 4690 min. Segue desconectado (alerta repetido).
[ALERT 2026-08-03T20:35:01.720Z] Bot WhatsApp Vivera AINDA com status "disconnected" ha 4755 min. Segue desconectado (alerta repetido).
[ALERT 2026-08-03T21:40:01.455Z] Bot WhatsApp Vivera AINDA com status "disconnected" ha 4820 min. Segue desconectado (alerta repetido).
[ALERT 2026-08-03T22:40:01.885Z] Bot WhatsApp Vivera AINDA com status "disconnected" ha 4880 min. Segue desconectado (alerta repetido).
[ALERT 2026-08-03T23:45:01.864Z] Bot WhatsApp Vivera AINDA com status "disconnected" ha 4945 min. Segue desconectado (alerta repetido).
[ALERT 2026-08-04T00:45:02.152Z] Bot WhatsApp Vivera AINDA com status "disconnected" ha 5005 min. Segue desconectado (alerta repetido).
[ALERT 2026-08-04T01:50:01.629Z] Bot WhatsApp Vivera AINDA com status "disconnected" ha 5070 min. Segue desconectado (alerta repetido).
[ALERT 2026-08-04T02:55:01.555Z] Bot WhatsApp Vivera AINDA com status "disconnected" ha 5135 min. Segue desconectado (alerta repetido).
[ALERT 2026-08-04T03:55:02.148Z] Bot WhatsApp Vivera AINDA com status "disconnected" ha 5195 min. Segue desconectado (alerta repetido).
[ALERT 2026-08-04T05:00:01.792Z] Bot WhatsApp Vivera AINDA com status "disconnected" ha 5260 min. Segue desconectado (alerta repetido).
[ALERT 2026-08-04T06:05:01.411Z] Bot WhatsApp Vivera AINDA com status "disconnected" ha 5325 min. Segue desconectado (alerta repetido).
[ALERT 2026-08-04T07:10:01.354Z] Bot WhatsApp Vivera AINDA com status "disconnected" ha 5390 min. Segue desconectado (alerta repetido).
[ALERT 2026-08-04T08:10:01.726Z] Bot WhatsApp Vivera AINDA com status "disconnected" ha 5450 min. Segue desconectado (alerta repetido).
[ALERT 2026-08-04T09:10:02.024Z] Bot WhatsApp Vivera AINDA com status "disconnected" ha 5510 min. Segue desconectado (alerta repetido).
[ALERT 2026-08-04T10:15:01.893Z] Bot WhatsApp Vivera AINDA com status "disconnected" ha 5575 min. Segue desconectado (alerta repetido).
[ALERT 2026-08-04T11:20:01.509Z] Bot WhatsApp Vivera AINDA com status "disconnected" ha 5640 min. Segue desconectado (alerta repetido).
[ALERT 2026-08-04T12:20:02.116Z] Bot WhatsApp Vivera AINDA com status "disconnected" ha 5700 min. Segue desconectado (alerta repetido).
[ALERT 2026-08-04T13:25:01.869Z] Bot WhatsApp Vivera AINDA com status "disconnected" ha 5765 min. Segue desconectado (alerta repetido).
[ALERT 2026-08-04T14:30:01.567Z] Bot WhatsApp Vivera AINDA com status "disconnected" ha 5830 min. Segue desconectado (alerta repetido).
[ALERT 2026-08-04T15:30:02.049Z] Bot WhatsApp Vivera AINDA com status "disconnected" ha 5890 min. Segue desconectado (alerta repetido).
[ALERT 2026-08-04T16:35:01.815Z] Bot WhatsApp Vivera AINDA com status "disconnected" ha 5955 min. Segue desconectado (alerta repetido).
[ALERT 2026-08-04T17:40:01.609Z] Bot WhatsApp Vivera AINDA com status "disconnected" ha 6020 min. Segue desconectado (alerta repetido).
[ALERT 2026-08-04T18:40:01.987Z] Bot WhatsApp Vivera AINDA com status "disconnected" ha 6080 min. Segue desconectado (alerta repetido).
[ALERT 2026-08-04T19:45:01.603Z] Bot WhatsApp Vivera AINDA com status "disconnected" ha 6145 min. Segue desconectado (alerta repetido).
[ALERT 2026-08-04T20:45:01.791Z] Bot WhatsApp Vivera AINDA com status "disconnected" ha 6205 min. Segue desconectado (alerta repetido).
[ALERT 2026-08-04T21:45:02.097Z] Bot WhatsApp Vivera AINDA com status "disconnected" ha 6265 min. Segue desconectado (alerta repetido).
[ALERT 2026-08-04T22:50:01.646Z] Bot WhatsApp Vivera AINDA com status "disconnected" ha 6330 min. Segue desconectado (alerta repetido).
[ALERT 2026-08-04T23:50:01.986Z] Bot WhatsApp Vivera AINDA com status "disconnected" ha 6390 min. Segue desconectado (alerta repetido).
[ALERT 2026-08-05T00:55:02.000Z] Bot WhatsApp Vivera AINDA com status "disconnected" ha 6455 min. Segue desconectado (alerta repetido).
[ALERT 2026-08-05T02:00:02.313Z] Bot WhatsApp Vivera AINDA com status "disconnected" ha 6520 min. Segue desconectado (alerta repetido).
[ALERT 2026-08-05T03:05:01.976Z] Bot WhatsApp Vivera AINDA com status "disconnected" ha 6585 min. Segue desconectado (alerta repetido).
[ALERT 2026-08-05T04:05:02.122Z] Bot WhatsApp Vivera AINDA com status "disconnected" ha 6645 min. Segue desconectado (alerta repetido).
[ALERT 2026-08-05T05:10:01.626Z] Bot WhatsApp Vivera AINDA com status "disconnected" ha 6710 min. Segue desconectado (alerta repetido).
[ALERT 2026-08-05T06:10:02.111Z] Bot WhatsApp Vivera AINDA com status "disconnected" ha 6770 min. Segue desconectado (alerta repetido).
[ALERT 2026-08-05T07:15:01.838Z] Bot WhatsApp Vivera AINDA com status "disconnected" ha 6835 min. Segue desconectado (alerta repetido).
[ALERT 2026-08-05T08:20:01.681Z] Bot WhatsApp Vivera AINDA com status "disconnected" ha 6900 min. Segue desconectado (alerta repetido).
[ALERT 2026-08-05T09:25:01.535Z] Bot WhatsApp Vivera AINDA com status "disconnected" ha 6965 min. Segue desconectado (alerta repetido).
[ALERT 2026-08-05T10:25:01.993Z] Bot WhatsApp Vivera AINDA com status "disconnected" ha 7025 min. Segue desconectado (alerta repetido).
[ALERT 2026-08-05T11:30:01.532Z] Bot WhatsApp Vivera AINDA com status "disconnected" ha 7090 min. Segue desconectado (alerta repetido).
[ALERT 2026-08-05T12:30:01.981Z] Bot WhatsApp Vivera AINDA com status "disconnected" ha 7150 min. Segue desconectado (alerta repetido).
[ALERT 2026-08-05T13:35:01.842Z] Bot WhatsApp Vivera AINDA com status "disconnected" ha 7215 min. Segue desconectado (alerta repetido).
[ALERT 2026-08-05T14:40:01.582Z] Bot WhatsApp Vivera AINDA com status "disconnected" ha 7280 min. Segue desconectado (alerta repetido).
[ALERT 2026-08-05T15:40:02.287Z] Bot WhatsApp Vivera AINDA com status "disconnected" ha 7340 min. Segue desconectado (alerta repetido).
[ALERT 2026-08-05T16:45:02.055Z] Bot WhatsApp Vivera AINDA com status "disconnected" ha 7405 min. Segue desconectado (alerta repetido).
[ALERT 2026-08-05T17:50:01.413Z] Bot WhatsApp Vivera AINDA com status "disconnected" ha 7470 min. Segue desconectado (alerta repetido).
[ALERT 2026-08-05T18:50:01.837Z] Bot WhatsApp Vivera AINDA com status "disconnected" ha 7530 min. Segue desconectado (alerta repetido).
[ALERT 2026-08-05T19:55:01.404Z] Bot WhatsApp Vivera AINDA com status "disconnected" ha 7595 min. Segue desconectado (alerta repetido).
[ALERT 2026-08-05T20:55:01.803Z] Bot WhatsApp Vivera AINDA com status "disconnected" ha 7655 min. Segue desconectado (alerta repetido).
[ALERT 2026-08-05T21:55:02.118Z] Bot WhatsApp Vivera AINDA com status "disconnected" ha 7715 min. Segue desconectado (alerta repetido).
[ALERT 2026-08-05T23:00:01.721Z] Bot WhatsApp Vivera AINDA com status "disconnected" ha 7780 min. Segue desconectado (alerta repetido).
[ALERT 2026-08-06T00:00:02.260Z] Bot WhatsApp Vivera AINDA com status "disconnected" ha 7840 min. Segue desconectado (alerta repetido).
[ALERT 2026-08-06T01:00:02.419Z] Bot WhatsApp Vivera AINDA com status "disconnected" ha 7900 min. Segue desconectado (alerta repetido).
[ALERT 2026-08-06T02:05:02.148Z] Bot WhatsApp Vivera AINDA com status "disconnected" ha 7965 min. Segue desconectado (alerta repetido).
[ALERT 2026-08-06T03:10:01.891Z] Bot WhatsApp Vivera AINDA com status "disconnected" ha 8030 min. Segue desconectado (alerta repetido).
[ALERT 2026-08-06T04:10:01.912Z] Bot WhatsApp Vivera AINDA com status "disconnected" ha 8090 min. Segue desconectado (alerta repetido).
[ALERT 2026-08-06T05:15:01.396Z] Bot WhatsApp Vivera AINDA com status "disconnected" ha 8155 min. Segue desconectado (alerta repetido).
[ALERT 2026-08-06T06:15:02.196Z] Bot WhatsApp Vivera AINDA com status "disconnected" ha 8215 min. Segue desconectado (alerta repetido).
[ALERT 2026-08-06T07:20:01.276Z] Bot WhatsApp Vivera AINDA com status "disconnected" ha 8280 min. Segue desconectado (alerta repetido).
[ALERT 2026-08-06T08:20:01.309Z] Bot WhatsApp Vivera AINDA com status "disconnected" ha 8340 min. Segue desconectado (alerta repetido).
[ALERT 2026-08-06T09:20:01.751Z] Bot WhatsApp Vivera AINDA com status "disconnected" ha 8400 min. Segue desconectado (alerta repetido).
[ALERT 2026-08-06T10:20:01.913Z] Bot WhatsApp Vivera AINDA com status "disconnected" ha 8460 min. Segue desconectado (alerta repetido).
[ALERT 2026-08-06T11:20:02.187Z] Bot WhatsApp Vivera AINDA com status "disconnected" ha 8520 min. Segue desconectado (alerta repetido).
[ALERT 2026-08-06T12:25:01.987Z] Bot WhatsApp Vivera AINDA com status "disconnected" ha 8585 min. Segue desconectado (alerta repetido).
[ALERT 2026-08-06T13:30:01.977Z] Bot WhatsApp Vivera AINDA com status "disconnected" ha 8650 min. Segue desconectado (alerta repetido).
[ALERT 2026-08-06T14:35:01.811Z] Bot WhatsApp Vivera AINDA com status "disconnected" ha 8715 min. Segue desconectado (alerta repetido).
[ALERT 2026-08-06T14:53:21.272Z] Bot WhatsApp Vivera - CRM TINTIM (id 5) parado ha 8 min. Watchdog em processo pode ja ter tentado reconectar sem sucesso.
[ALERT 2026-08-07T14:50:01.986Z] Bot WhatsApp Vivera - CRM - TINTIM (id 8) parado ha 5 min. Watchdog em processo pode ja ter tentado reconectar sem sucesso.
[ALERT 2026-08-07T15:45:01.717Z] Bot WhatsApp Vivera - CRM TINTIM (id 9) parado ha 5 min. Watchdog em processo pode ja ter tentado reconectar sem sucesso.
[ALERT 2026-08-07T17:00:01.790Z] Bot WhatsApp Vivera - crm (id 10) parado ha 5 min. Watchdog em processo pode ja ter tentado reconectar sem sucesso.
[ALERT 2026-08-07T18:05:01.605Z] Bot WhatsApp Vivera - crm (id 10) parado ha 70 min. Watchdog em processo pode ja ter tentado reconectar sem sucesso.
